15A 


U-Boot 2013.10.0-V3.1.28_bchV1.0.00 (Apr 12 2023 - 14:09:26)

DRAM:  64 MiB
efuse_read:0x00000006
8 MiB
sd detect gpio mode:84!
mmc_sd: 0
In:    serial
Out:   serial
Err:   serial
Net:   led init.
red led init:1.
No ethernet found.
MMC: detect card present
mmc/sd share pin!
send cmd 8 error, status = 2004
block rw command 8 is failed!
MMC: ak mmc mmc_send_if_cond Err!
** Bad device mmc 0 **
KERNEL: size:0x00180000, offset:0x00040000

SF: 1572864 bytes @ 0x40000 Read: OK
## Booting kernel from Legacy Image at 80008000 ...
   Image Name:   Linux-4.4.192V2.1
   Image Type:   ARM Linux Kernel Image (uncompressed)
   Data Size:    1570664 Bytes = 1.5 MiB
   Load Address: 80008000
   Entry Point:  80008040
   Verifying Checksum ... OK
   XIP Kernel Image ... OK
   kernel loaded at 0x80008000, end = 0x80187768
using: FDT

Starting kernel ...

Uncompressing Linux... done, booting the kernel.
Booting Linux on physical CPU 0x0
Linux version 4.4.192V2.1 (hutong@ubuntu) (gcc version 4.9.4 (Buildroot 2018.02.7_V1.0.03-g9ff3371) ) #1 Wed Apr 27 10:24:15 CST 2022
CPU: ARM926EJ-S [41069265] revision 5 (ARMv5TEJ), cr=0005317f
CPU: VIVT data cache, VIVT instruction cache
Machine model: ak3918ev330 dev board
Memory policy: Data cache writeback
ANYKA CPU AK39XXEV330 (ID 0x20160101)
Built 1 zonelists in Zone order, mobility grouping on.  Total pages: 16256
Kernel command line: console=ttySAK0,115200n8 root=/dev/mtdblock5 rootfstype=squashfs init=/sbin/init mtdparts=spi0.0:200K@0x0(UBOOT),4K@0x32000(ENV),4K@0x33000(ENVBK),48K@0x34000(DTB),1536K@0x40000(KERNEL),1024K@0x1C0000(ROOTFS),256K@0x2C0000(CONFIG),5120K@0x300000(APP) mem=64M memsize=64M
PID hash table entries: 256 (order: -2, 1024 bytes)
Dentry cache hash table entries: 8192 (order: 3, 32768 bytes)
Inode-cache hash table entries: 4096 (order: 2, 16384 bytes)
Memory: 35588K/65536K available (3078K kernel code, 116K rwdata, 980K rodata, 132K init, 188K bss, 29948K reserved, 0K cma-reserved)
Virtual kernel memory layout:
    vector  : 0xffff0000 - 0xffff1000   (   4 kB)
    fixmap  : 0xffc00000 - 0xfff00000   (3072 kB)
    vmalloc : 0xc4800000 - 0xff800000   ( 944 MB)
    lowmem  : 0xc0000000 - 0xc4000000   (  64 MB)
    modules : 0xbf000000 - 0xc0000000   (  16 MB)
      .text : 0xc0008000 - 0xc03fed44   (4060 kB)
      .init : 0xc03ff000 - 0xc0420000   ( 132 kB)
      .data : 0xc0420000 - 0xc043d150   ( 117 kB)
       .bss : 0xc043d150 - 0xc046c2d8   ( 189 kB)
SLUB: HWalign=32, Order=0-3, MinObjects=0, CPUs=1, Nodes=1
NR_IRQS:126
ak39ev330_clk: CPU(JCLK): 708(Mhz) 
ak39ev330_clk: MEMDDR2(DPHY): 354(Mhz) 
ak39ev330_clk: VCLK: 320(Mhz)
ak-timer: ak_timer_init
clocksource: ak_cs_timer: mask: 0xffffffff max_cycles: 0xffffffff, max_idle_ns: 159271703898 ns
sched_clock: 32 bits at 12MHz, resolution 83ns, wraps every 178956970966ns
Calibrating delay loop... 351.43 BogoMIPS (lpj=1757184)
pid_max: default: 32768 minimum: 301
Mount-cache hash table entries: 1024 (order: 0, 4096 bytes)
Mountpoint-cache hash table entries: 1024 (order: 0, 4096 bytes)
CPU: Testing write buffer coherency: ok
Setting up static identity map for 0x80008400 - 0x8000843c
devtmpfs: initialized
clocksource: jiffies: mask: 0xffffffff max_cycles: 0xffffffff, max_idle_ns: 19112604462750000 ns
futex hash table entries: 256 (order: -1, 3072 bytes)
pinctrl core: initialized pinctrl subsystem
NET: Registered protocol family 16
DMA: preallocated 256 KiB pool for atomic coherent allocations
On-chip L2 memory initialized
ak-pinctrl 20170000.gpio: ak_pinctrl_probe 1958
ak_ev330_pinctrl: ak_pinctrl_probe irq: 15
media: Linux media interface: v0.10
Linux video capture interface: v2.00
clocksource: Switched to clocksource ak_cs_timer
NET: Registered protocol family 2
TCP established hash table entries: 1024 (order: 0, 4096 bytes)
TCP bind hash table entries: 1024 (order: 0, 4096 bytes)
TCP: Hash tables configured (established 1024 bind 1024)
UDP hash table entries: 256 (order: 0, 4096 bytes)
UDP-Lite hash table entries: 256 (order: 0, 4096 bytes)
NET: Registered protocol family 1
squashfs: version 4.0 (2009/01/31) Phillip Lougher
jffs2: version 2.2. Â 2001-2006 Red Hat, Inc.
jitterentropy: Initialization failed with host not compliant with requirements: 2
io scheduler noop registered (default)
AKxx uart driver init, (c) 2013 ANYKA
20130000.uart0: ttySAK0 at MMIO 0x20130000 (irq = 10, base_baud = 10000000) is a AK
console [ttySAK0] enabled
loop: module loaded
Start to init Anyka SPI Flash...
init Anyka SPI Nand Flash driver
spi0 new hz is 40000000, div is 2(change).
ak spiflash probe enter.
akspi flash ID: 0x00204017
ak-spiflash spi0.0: xm25qh64c (16384 Kbytes)
8 cmdlinepart partitions found on MTD device spi0.0
Creating 8 MTD partitions on "spi0.0":
0x000000000000-0x000000032000 : "UBOOT"
0x000000032000-0x000000033000 : "ENV"
0x000000033000-0x000000034000 : "ENVBK"
0x000000034000-0x000000040000 : "DTB"
0x000000040000-0x0000001c0000 : "KERNEL"
0x0000001c0000-0x0000002c0000 : "ROOTFS"
0x0000002c0000-0x000000300000 : "CONFIG"
0x000000300000-0x000000800000 : "APP"
Init AK SPI Flash finish.
akspi master SPI0 initialize success, use for PIO mode.
i2c /dev entries driver
ak_wdt_init: watchdog register...
NET: Registered protocol family 17
sctp: Hash tables configured (established 512 bind 1024)

VFS: Mounted root (squashfs filesystem) readonly on device 31:5.
devtmpfs: mounted
Freeing unused kernel memory: 132K




mount all file system...
**************************
    Love Linux ! ! ! 
**************************
/bin/mount -t squashfs /dev/mtdblock7 /usr
/bin/mount -t jffs2 /dev/mtdblock6 /etc/config

starting mdev...

anyka login: 
anyka login: 
anyka login: 
anyka login: 
anyka login: install sc2336 mipi driver
sc2336_probe Apr 21 2023 16:46:59
id:cb3a
i2c i2c-0: sc2336 Probed success, subdev:c30c4e14

anyka login: 
anyka login: ak_uio: register uio device successfully with irq: 2!
ak_motor_probe
ak_motor_probe

anyka login: 
anyka login: 
anyka login: 
anyka login: 
anyka login: 
anyka login: 
anyka login: No TF-Card for F/W Update.

anyka login: The Version Path "/mnt" Is Not Exist *.bin.
      Current FileName: 

No F/W in TF-Card for Update.

anyka login: rm: can't remove '/etc/config/shadow': No such file or directory
dd: can't open '/mnt/_ak39_factory.ini': No such file or directory
dd: can't open '/mnt/_ht_ap_mode.conf': No such file or directory
dd: can't open '/mnt/_ht_av_tuning.conf': No such file or directory
dd: can't open '/mnt/ftp_config.ini': No such file or directory
wifi run sta mode
killall: wpa_supplicant: no process killed
killall: udhcpc: no process killed
killall: udhcpd: no process killed
killall: hostapd: no process killed
rmmod: can't unload module 'rtl8188ftv': No such file or directory
rmmod: can't unload module 'ak_hcd': No such file or directory
rmmod: can't unload module 'usbcore': No such file or directory
rmmod: can't unload module 'usb_common': No such file or directory
rmmod: can't unload module 'cfg80211': No such file or directory

anyka login: 
anyka login: Fixed MAC 78:22:88:B8:21:11
start service......
sh: can't open '/usr/sbin/onvif_start.sh': No such file or directory
start ipc service......
***************************************
*****A monitor daemon has running!*****
***************************************
********** Watch Dog Enabled! **********
watchdog timeout = 10(s)
enter feed_watchdog threadenter monitor_thread
interval: 3(sec), fifo[/tmp/daemon_fifo].size=50
echo 1 > /tmp/camera_start_times
[      AI][2000-01-01 00:00:17 482] [ak_ai_open:838] ai version: libplat_ai V1.11.02
[      AI][2000-01-01 00:00:17 528] [ak_ai_set_frame_length:1157] set frame length is the same, length =512
[      AI][2000-01-01 00:00:17 600] [ak_ai_set_aslc_attr:2349] ak_ai_set_aslc_attr success
[      AI][2000-01-01 00:00:17 601] [ak_ai_set_gain:1273] set gain 3
adc get gain: 3
set DEV volume 2
[      AI][2000-01-01 00:00:17 605] [ak_ai_set_eq_attr:1909] eq_attr->enable = 0
[      AI][2000-01-01 00:00:17 606] [ak_ai_set_eq_attr:1930] ak_ai_set_vqe_attr success
[      AO][2000-01-01 00:00:17 608] [ak_ao_open:611] ao version: libplat_ao V1.11.02
[     VQE][2000-01-01 00:00:17 644] [ak_vqe_inner_open:2011] ak_vqe_inner_open entry...ai_vqe = (nil), ao_vqe = 0x1974494
[    ECHO][2000-01-01 00:00:17 656] ## --AudioFilter Version V1.15.13, Echo--
[    ECHO][2000-01-01 00:00:17 657] ## jitterBuf: 0x1974548
[    ECHO][2000-01-01 00:00:17 658] ## _SD_Echo_Open far_path (0x1975100)
[      AI][2000-01-01 00:00:17 677] [capture_pcm_thread:538] thread id: 522
[     VQE][2000-01-01 00:00:17 683] [ak_vqe_inner_open:2011] ak_vqe_inner_open entry...ai_vqe = 0x1974284, ao_vqe = (nil)
[    ECHO][2000-01-01 00:00:17 697] ## Echo: [    ECHO][2000-01-01 00:00:17 698] load far_Volume[    ECHO][2000-01-01 00:00:17 699] 
[    ECHO][2000-01-01 00:00:17 700] ## ASLC OPEN OK ena:1, lookAheadLen:48
[     VQE][2000-01-01 00:00:17 701] [get_nr_param:1336] nr not open
 [    ECHO][2000-01-01 00:00:17 728] ## --AudioFilter Version V1.15.13, Echo--
[    ECHO][2000-01-01 00:00:17 729] ## jitterBuf: 0x197ad50
[    ECHO][2000-01-01 00:00:17 730] ## _SD_Echo_Open near_path (0x197ac88)
[    ECHO][2000-01-01 00:00:17 762] ## Echo: [    ECHO][2000-01-01 00:00:17 763] load NR[    ECHO][2000-01-01 00:00:17 764]  (enable)
[    ECHO][2000-01-01 00:00:17 765] ## Echo: [    ECHO][2000-01-01 00:00:17 766] set AGC param[    ECHO][2000-01-01 00:00:17 766]  (enable)
[    ECHO][2000-01-01 00:00:17 767] ## Echo: [    ECHO][2000-01-01 00:00:17 768] load near_Volume[    ECHO][2000-01-01 00:00:17 768] 
[    ECHO][2000-01-01 00:00:17 769] ## ASLC OPEN OK ena:1, lookAheadLen:48
[     VQE][2000-01-01 00:00:17 770] [set_ai_veq:1852] aec need to open
 [    ECHO][2000-01-01 00:00:17 771] ## Echo: [    ECHO][2000-01-01 00:00:17 773] unload VAD
[    ECHO][2000-01-01 00:00:17 814] ## Echo: [    ECHO][2000-01-01 00:00:17 815] load AEC[    ECHO][2000-01-01 00:00:17 816]  (enable)
osal_loopback_open success
[     VQE][2000-01-01 00:00:17 818] [loopback_start:1273] aec enable, osal_loopback_open ok
 [     VQE][2000-01-01 00:00:17 820] [loopback_start:1282] create capture pcm thread OK
[     VQE][2000-01-01 00:00:17 821] [loopback_thread:1159] thread id: 523
[     VQE][2000-01-01 00:00:17 840] [ak_vqe_inner_open:2100] ak_vqe_inner_open exit...
[     VQE][2000-01-01 00:00:17 842] [ak_vqe_inner_set_ai_jitterbuf_upperBound:3351] osal_vqe_get_dac entry...
[    ECHO][2000-01-01 00:00:17 844] ## Echo: [    ECHO][2000-01-01 00:00:17 845] set near_JitterBuf param[     VQE][2000-01-01 00:00:17 847] [ak_vqe_inner_open:2100] ak_vqe_inner_open exit...
[    ECHO][2000-01-01 00:00:17 848] 
[     VQE][2000-01-01 00:00:17 849] [ak_vqe_inner_set_ai_jitterbuf_upperBound:3372] exit...
[      AO][2000-01-01 00:00:17 854] [play_pcm_thread:283] thread id: 524
[    ECHO][2000-01-01 00:00:17 881] ## sync at ts 11932
-----dac set source
[      AO][2000-01-01 00:00:17 895] [ak_ao_open:642] leaved...
[    ECHO][2000-01-01 00:00:17 896] ## Echo: [    ECHO][2000-01-01 00:00:17 897] load far_NR[    ECHO][2000-01-01 00:00:17 904]  (enable)
[      AO][2000-01-01 00:00:17 921] [ak_ao_set_nr_attr:1363] leave...
[    ECHO][2000-01-01 00:00:17 923] ## Echo: [    ECHO][2000-01-01 00:00:17 924] set far_Volume param[    ECHO][2000-01-01 00:00:17 925] 
[    ECHO][2000-01-01 00:00:17 942] ## Echo: [    ECHO][2000-01-01 00:00:17 943] set AEC param[    ECHO][2000-01-01 00:00:17 944]  (enable)
[     VQE][2000-01-01 00:00:17 946] [loopback_start:1256] loopback start already
 [      AO][2000-01-01 00:00:17 981] [ak_ao_set_aslc_attr:1290] leave...
[      AO][2000-01-01 00:00:17 982] [ak_ao_set_gain:789] set gain 4
[    ECHO][2000-01-01 00:00:17 986] ## Echo: [    ECHO][2000-01-01 00:00:17 987] load far_EQ[    ECHO][2000-01-01 00:00:17 988] 
[      AO][2000-01-01 00:00:18 010] [ak_ao_set_eq_attr:1041] leave...
[     VQE][2000-01-01 00:00:18 012] [get_hs_param:1318] howling suppress not open
 [     VQE][2000-01-01 00:00:18 013] [ak_vqe_inner_get_ao_hs:3562] exit...
[    ECHO][2000-01-01 00:00:18 014] ## Echo: [    ECHO][2000-01-01 00:00:18 015] load far_HowlingSuppress[    ECHO][2000-01-01 00:00:18 016] 
[      AO][2000-01-01 00:00:18 036] [ak_ao_enable_hs:1586] leave...
82,64,2
[      AI][2000-01-01 00:00:18 039] [ak_ai_set_gain:1273] set gain 0
-----dac set source
[      AO][2000-01-01 00:00:18 070] [ak_ao_set_gain:789] set gain 0
[      AI][2000-01-01 00:00:18 115] [ak_ai_set_gain:1273] set gain 3
adc get gain: 2
[      AO][2000-01-01 00:00:18 120] [ak_ao_get_volume:928] leave...
[    AENC][2000-01-01 00:00:18 121] [ak_aenc_open:1091] aenc version: libmpi_aenc V1.1.16
[ SD_AENC][2000-01-01 00:00:18 226] ## -- AudioCodec Version V1.21.09, type: 4[ SD_AENC][2000-01-01 00:00:18 227] , aac enc[ SD_AENC][2000-01-01 00:00:18 228]  --
[ SD_AENC][2000-01-01 00:00:18 229] ##	sr(8000), ich(1), och(1), bitrate(16000)
[ SD_AENC][2000-01-01 00:00:18 327] ## _SD_Encode_Open OK (0x19991e8)
[    ADEC][2000-01-01 00:00:18 337] [ak_adec_open:877] adec version: libmpi_adec V1.3.08
[    ADEC][2000-01-01 00:00:18 341] [set_decoder_input:408] decode type=2: MP3
[    ADEC][2000-01-01 00:00:18 342] [set_decoder_input:461] sample_rate=8000, channel_num=1, sample_bits=16
[ SD_ADEC][2000-01-01 00:00:18 344] ## -- AudioCodec Version V1.21.09, type: 2[ SD_ADEC][2000-01-01 00:00:18 345] , mp3 dec[ SD_ADEC][2000-01-01 00:00:18 346]  (V2 32bit)[ SD_ADEC][2000-01-01 00:00:18 350]  --
[ SD_ADEC][2000-01-01 00:00:18 352] ## MP3 dec V2 32bit open ok
[ SD_ADEC][2000-01-01 00:00:18 353] ## len_buf_in=20480, inbufminlen=4096
[ SD_ADEC][2000-01-01 00:00:18 354] ## _SD_Decode_Open OK (0x199aa68)
[ SD_ADEC][2000-01-01 00:00:18 355] ## inbufminlen is set to 128
[    ADEC][2000-01-01 00:00:18 377] [ak_adec_open:877] adec version: libmpi_adec V1.3.08
[    ADEC][2000-01-01 00:00:18 386] [set_decoder_input:445] decode type=18: PCM_ULAW
[    ADEC][2000-01-01 00:00:18 387] [set_decoder_input:461] sample_rate=8000, channel_num=1, sample_bits=16
[ SD_ADEC][2000-01-01 00:00:18 389] ## -- AudioCodec Version V1.21.09, type: 18[ SD_ADEC][2000-01-01 00:00:18 390] , g711 dec[ SD_ADEC][2000-01-01 00:00:18 391]  --
[ SD_ADEC][2000-01-01 00:00:18 393] ## len_buf_in=20480, inbufminlen=16384
[ SD_ADEC][2000-01-01 00:00:18 394] ## _SD_Decode_Open OK (0x1999410)
[ SD_ADEC][2000-01-01 00:00:18 395] ## inbufminlen is set to 128
[      VI][2000-01-01 00:00:18 429] [ak_vi_open:388] register device, device id:[0]
[      VI][2000-01-01 00:00:18 430] new device
[      VI][2000-01-01 00:00:18 432] [vi_register_device:269] new dev=0x1999500
ispsdk_lib version:libplat_isp_sdk V7.0.01 
open isp dev: /dev/isp-param-0
--- AK_ISP_sdk_init g_isp_fd[0]=10 ---
[      VI][2000-01-01 00:00:18 446] [vi_dev_open:215] vi device open DEV0!
[      VI][2000-01-01 00:00:18 447] [vi_dev_open:228] open sensor dev: /dev/v4l-subdev0
[      VI][2000-01-01 00:00:18 448] [vi_dev_open:238] --- vi_dev_open g_sensor_fd[0]=11 ---
[      VI][2000-01-01 00:00:18 449] [vi_dev_open_td_chn:153] vi third chn device open CHN16!
[      VI][2000-01-01 00:00:18 451] register vi device ok, dev_count=1
[    VPSS][2000-01-01 00:00:18 463] [isp_open:84] dev:0 already opened!
[    VPSS][2000-01-01 00:00:18 537] [isp.conf]version: V2_021002, sensor id: 0x2336, style id: 0
[    VPSS][2000-01-01 00:00:18 538] isp subfile 0, modify time: 2023-2-10 14:43:53
[    VPSS][2000-01-01 00:00:18 541] 1/ÓÅ¯È²ÊÍÏÓ£¬µ÷ÕûÒÊÓÁÁ¶ÈÍÇåÎú¶È


[    sc2336_cropcap bounds.width:1920, bounds.height:1080
VPSS][2000-01-01 00:00:18 542] isp subfile 1, modify time: 2023-2-10 14:42:01
[    VPSS][2000-01-01 00:00:18 544] 1.Ôö¼Ólsc

sc2336_cropcap bounds.width:1920, bounds.height:1080
[    VPSS][2000-01-01 00:00:18 545] isp subfile 2, modify time: sc2336_s_crop 782, left:0, top:0, width:1920, height:1080
2023-2-10 14:43:10
[    VPSS][2000-01-01 00:00:18 546] 1.¿í¶¯Ìsc2336_cropcap bounds.width:1920, bounds.height:1080
ÄÊ½


[    VPSS][2000-01-01 00:00:18 547] [check_file:413] check isp cfg: /etc/config/isp_sc2336_mipi_2lane_h3b.conf OK
[    VPSS][2000-01-01 00:00:18 549] [isp_module_init:1529] chipid:0x20160101 !
[    VPSS][2000-01-01 00:00:18 553] [check_fps_para:468] hight light:
	frame_rate=14 max_exp_time=2385 low_light_gain=26
[    VPSS][2000-01-01 00:00:18 554] [check_fps_para:473] low light:
	frame_rate=14 max_exp_time=2385 light_gain=12
[    VPSS][2000-01-01 00:00:18 555] [init_fps_info:600] hight light fps: 14
[    VPSS][2000-01-01 00:00:18 557] [isp_set_sensor_fps:2633] set sensor fps: 14
[    VPSS][2000-01-01 00:00:18 558] [set_fps:236] set dev:0 fps:14 ok
[      VI][2000-01-01 00:00:18 577] vi_dev_get_sensor_crop 141set_interface mipi
, ret:0, w:1920, h:1080
[      VI][2000-01-01 00:00:18 612] iniset_pclk_polar pclk edge is falling
t CROP succeedded! reset to CROP[1920, 1080]
[      VI][2000-01-01 00:00:18 627] [ak_vi_set_chn_attr:1087] chn[0] frame_rate[15] frame_num[15],frame_den[0], interval[66]
[      VI][2000-01-01 00:00:18 628] [ak_vi_set_chn_attr:1102] success register vi channel[0]
[      VI][2000-01-01 00:00:18 630] [vi_dev_set_chn_res:499] chn id is[0], fd is:[12]
[      VI][2000-01-01 00:00:18 631] [vi_dev_set_chn_res:532] vi_dev_set_chn_res w:1920, h:1080
[      VI][2000-01-01 00:00:18 632] [vi_set_channel_attr:802] set vi channel[0] res w[1920] h[1080]
[      VI][2000-01-01 00:00:18 648] [ak_vi_set_chn_attr:1087] chn[1] frame_rate[15] frame_num[15],frame_den[0], interval[66]
[      VI][2000-01-01 00:00:18 650] [ak_vi_set_chn_attr:1102] success register vi channel[1]
[      VI][2000-01-01 00:00:18 651] [vi_dev_set_chn_res:499] chn id is[1], fd is:[13]
[      VI][2000-01-01 00:00:18 652] [vi_dev_set_chn_res:532] vi_dev_set_chn_res w:640, h:360
[      VI][2000-01-01 00:00:18 653] [vi_set_channel_attr:802] set vi channel[1] res w[640] h[360]
[      VI][2000-01-01 00:00:18 665] [malloc_capture_buffers:1068] channel[0] alloc n_buffers:0, paddr:2172346368, vaddr:0xb66a8000, length:3110400
[      VI][2000-01-01 00:00:18 670] [malloc_capture_buffers:1068] channel[0] alloc n_buffers:1, paddr:2175459328, vaddr:0xb63b0000, length:3110400
[      VI][2000-01-01 00:00:18 672] [malloc_capture_buffers:1068] channel[0] alloc n_buffers:2, paddr:2178572288, vaddr:0xb60b8000, length:3110400
sc2336_sensor_get_parameter_func param:8199 not support
[      VI][2000-01-01 00:00:18 963] [vi_set_capture_on:1173] vi channel [0] is started!
[      VI][2000-01-01 00:00:18 966] [malloc_capture_buffers:1068] channel[1] alloc n_buffers:0, paddr:2181685248, vaddr:0xb6063000, length:345600
[      VI][2000-01-01 00:00:18 968] [malloc_capture_buffers:1068] channel[1] alloc n_buffers:1, paddr:2182033408, vaddr:0xb600e000, length:345600
[      VI][2000-01-01 00:00:18 970] [malloc_capture_buffers:1068] channel[1] alloc n_buffers:2, paddr:2182381568, vaddr:0xb5fb9000, length:345600
[      VI][2000-01-01 00:00:18 971] [vi_set_capture_on:1173] vi channel [1] is started!
[      VI][2000-01-01 00:00:18 976] [ak_vi_enable_chn:1258] set channel [0] capture on
[      VI][2000-01-01 00:00:18 980] [ak_vi_enable_chn:1258] set channel [1] capture on
find name video-encoder uio index 0
[    VENC][2000-01-01 00:00:18 992] [venc_cb_init_reg:302] mapping, start: 0x20020000, len: 0x00010000
[     DRV][2000-01-01 00:00:18 994] Found uio0 mapping for 0x20020000
[    VENC][2000-01-01 00:00:18 997] [venc_cb_init_reg:322] init venc reg, va: 0xb5f77000, pa: 0x20020000, len: 0x00010000
[AKV_VENC][2000-01-01 00:00:19 202] --AKV Encoder Lib V3.0.29--
[AKV_VENC][2000-01-01 00:00:19 225] ## AKV_Encoder_Init OK!
[    VENC][2000-01-01 00:00:19 233] [ak_venc_open:1301] open count = 1
[    VENC][2000-01-01 00:00:19 262] [ak_venc_open:1348] we don't use config for encode
[AKV_VENC][2000-01-01 00:00:19 269] ## AKV_Encoder_Open OK, handle=0x19b85d8, stream buf size = 512000
[AKV_VENC][2000-01-01 00:00:19 270] ##	eProfile       = AVC_MAIN
[AKV_VENC][2000-01-01 00:00:19 271] ##	FrameWidth     = 1920
[AKV_VENC][2000-01-01 00:00:19 272] ##	FrameHeight    = 1080
[AKV_VENC][2000-01-01 00:00:19 276] ##	eRCMode        = VBR
[AKV_VENC][2000-01-01 00:00:19 277] ##	eChromaMode    = CHROMA_4_2_0
[AKV_VENC][2000-01-01 00:00:19 278] ##	TargetBitRate  = 768
[AKV_VENC][2000-01-01 00:00:19 280] ##	MaxBitRate     = 1024
[AKV_VENC][2000-01-01 00:00:19 281] ##	EncFrameRate   = 15
[AKV_VENC][2000-01-01 00:00:19 282] ##	InitialSliceQP = 35
[AKV_VENC][2000-01-01 00:00:19 283] ##	MinQP          = 28(28)
[AKV_VENC][2000-01-01 00:00:19 284] ##	MaxQP          = 43(40)
[AKV_VENC][2000-01-01 00:00:19 286] ##	GopLength      = 30
[AKV_VENC][2000-01-01 00:00:19 287] ##	GopNumB        = 0
[AKV_VENC][2000-01-01 00:00:19 288] ##	NumSlices      = 1
[AKV_VENC][2000-01-01 00:00:19 289] ##	SmartMode      = DISABLE
[AKV_VENC][2000-01-01 00:00:19 291] ##	SmartGopLength = 100
[AKV_VENC][2000-01-01 00:00:19 292] ##	SmartQuality   = 50
[AKV_VENC][2000-01-01 00:00:19 293] ##	SmartStaticValue = 0
[AKV_VENC][2000-01-01 00:00:19 294] ##	MaxPictureSize = 0
[AKV_VENC][2000-01-01 00:00:19 296] ##	EncLevel       = 50
[AKV_VENC][2000-01-01 00:00:19 297] ##	QuantTableLevel = DEFAULT
[AKV_VENC][2000-01-01 00:00:19 299] ## AKV: L2 Cache Enabled.
[    VENC][2000-01-01 00:00:19 300] [ak_venc_open:1363] Video encoder open success
[    VENC][2000-01-01 00:00:19 302] [ak_venc_open:1373] 
	params: w=1920, h=1080, qpmin=28, qpmax=43,bps=768, gop=30, fps=15, profile=16777293
[    VENC][2000-01-01 00:00:19 387] [ak_venc_open:1417] exit....
[    VENC][2000-01-01 00:00:19 389] [ak_venc_open:1301] open count = 2
[    VENC][2000-01-01 00:00:19 399] [ak_venc_open:1348] we don't use config for encode
[AKV_VENC][2000-01-01 00:00:19 409] ## AKV_Encoder_Open OK, handle=0x19d13e0, stream buf size = 86400
[AKV_VENC][2000-01-01 00:00:19 410] ##	eProfile       = AVC_MAIN
[AKV_VENC][2000-01-01 00:00:19 411] ##	FrameWidth     = 640
[AKV_VENC][2000-01-01 00:00:19 412] ##	FrameHeight    = 360
[AKV_VENC][2000-01-01 00:00:19 413] ##	eRCMode        = VBR
[AKV_VENC][2000-01-01 00:00:19 415] ##	eChromaMode    = CHROMA_4_2_0
[AKV_VENC][2000-01-01 00:00:19 416] ##	TargetBitRate  = 256
[AKV_VENC][2000-01-01 00:00:19 417] ##	MaxBitRate     = 512
[AKV_VENC][2000-01-01 00:00:19 418] ##	EncFrameRate   = 15
[AKV_VENC][2000-01-01 00:00:19 419] ##	InitialSliceQP = 35
[AKV_VENC][2000-01-01 00:00:19 420] ##	MinQP          = 25(25)
[AKV_VENC][2000-01-01 00:00:19 422] ##	MaxQP          = 45(45)
[AKV_VENC][2000-01-01 00:00:19 423] ##	GopLength      = 30
[AKV_VENC][2000-01-01 00:00:19 424] ##	GopNumB        = 0
[AKV_VENC][2000-01-01 00:00:19 425] ##	NumSlices      = 1
[AKV_VENC][2000-01-01 00:00:19 427] ##	SmartMode      = DISABLE
[AKV_VENC][2000-01-01 00:00:19 428] ##	SmartGopLength = 100
[AKV_VENC][2000-01-01 00:00:19 429] ##	SmartQuality   = 50
[AKV_VENC][2000-01-01 00:00:19 430] ##	SmartStaticValue = 0
[AKV_VENC][2000-01-01 00:00:19 431] ##	MaxPictureSize = 0
[AKV_VENC][2000-01-01 00:00:19 432] ##	EncLevel       = 50
[AKV_VENC][2000-01-01 00:00:19 437] ##	QuantTableLevel = DEFAULT
[AKV_VENC][2000-01-01 00:00:19 438] ## AKV: L2 Cache Enabled.
[    VENC][2000-01-01 00:00:19 440] [ak_venc_open:1363] Video encoder open success
[    VENC][2000-01-01 00:00:19 442] [ak_venc_open:1373] 
	params: w=640, h=360, qpmin=25, qpmax=45,bps=256, gop=30, fps=15, profile=16777293
[AKV_VENC][2000-01-01 00:00:19 528] ## Force inserting I frame ##
[    VENC][2000-01-01 00:00:19 533] [ak_venc_open:1417] exit....
[APP_VIDEO][2000-01-01 00:00:19 536] [app_video_vi_stream_do_venc:550] Chn[0] cur frame ts[13600], start_time[0], total_frame[0], cur_int[13600], int[66]!
[AKV_VENC][2000-01-01 00:00:19 555] ## max nalu size = 4500, type: I, stream 0x19b85d8
[AKV_VENC][2000-01-01 00:00:19 557] ## max nalu size = 844, type: I, stream 0x19d13e0
[    VENC][2000-01-01 00:00:19 559] [ak_venc_open:1301] open count = 3
[    VENC][2000-01-01 00:00:19 567] [ak_venc_open:1348] we don't use config for encode
[AKV_VENC][2000-01-01 00:00:19 568] ## Adjust jpeg MinQP to 1, MaxQP to 100
[AKV_VENC][2000-01-01 00:00:19 575] ## AKV_Encoder_Open OK, handle=0x19ec050, stream buf size = 86400
[AKV_VENC][2000-01-01 00:00:19 576] ##	eProfile       = JPEG
[AKV_VENC][2000-01-01 00:00:19 578] ##	FrameWidth     = 640
[AKV_VENC][2000-01-01 00:00:19 579] ##	FrameHeight    = 360
[AKV_VENC][2000-01-01 00:00:19 581] ##	eRCMode        = VBR
[AKV_VENC][2000-01-01 00:00:19 582] ##	eChromaMode    = CHROMA_4_2_0
[AKV_VENC][2000-01-01 00:00:19 585] ##	TargetBitRate  = 256
[AKV_VENC][2000-01-01 00:00:19 586] ##	MaxBitRate     = 512
[AKV_VENC][2000-01-01 00:00:19 588] ##	EncFrameRate   = 15
[AKV_VENC][2000-01-01 00:00:19 589] ##	InitialSliceQP = 35
[AKV_VENC][2000-01-01 00:00:19 591] ##	MinQP          = 25
[AKV_VENC][2000-01-01 00:00:19 592] ##	MaxQP          = 45
[AKV_VENC][2000-01-01 00:00:19 597] ##	GopLength      = 30
[AKV_VENC][2000-01-01 00:00:19 598] ##	GopNumB        = 0
[AKV_VENC][2000-01-01 00:00:19 600] ##	NumSlices      = 1
[AKV_VENC][2000-01-01 00:00:19 601] ##	SmartMode      = DISABLE
[AKV_VENC][2000-01-01 00:00:19 603] ##	SmartGopLength = 100
[AKV_VENC][2000-01-01 00:00:19 609] ##	SmartQuality   = 50
[AKV_VENC][2000-01-01 00:00:19 610] ##	SmartStaticValue = 0
[AKV_VENC][2000-01-01 00:00:19 612] ##	MaxPictureSize = 0
[AKV_VENC][2000-01-01 00:00:19 613] ##	EncLevel       = 50
[AKV_VENC][2000-01-01 00:00:19 614] ##	QuantTableLevel = DEFAULT
[AKV_VENC][2000-01-01 00:00:19 615] ## AKV: L2 Cache Disabled.
[    VENC][2000-01-01 00:00:19 616] [ak_venc_open:1363] Video encoder open success
[    VENC][2000-01-01 00:00:19 617] [ak_venc_open:1373] 
	params: w=640, h=360, qpmin=25, qpmax=45,bps=256, gop=30, fps=15, profile=67108864
[    VENC][2000-01-01 00:00:19 700] [ak_venc_open:1417] exit....
[AKV_VENC][2000-01-01 00:00:19 834] ## max nalu size = 4794, type: P, stream 0x19b85d8
[AKV_VENC][2000-01-01 00:00:19 836] ## max nalu size = 868, type: P, stream 0x19d13e0
[    ADEC][2000-01-01 00:00:19 862] [ak_adec_send_stream_end:1236] adec send stream no start
[ SD_ADEC][2000-01-01 00:00:19 864] ## Echo: [ SD_ADEC][2000-01-01 00:00:19 865] set AGC param[     OSD][2000-01-01 00:00:19 867] [get_font_data_from_file:102] fp:0x1a05bd0 byte:32
[ SD_ADEC][2000-01-01 00:00:19 869]  (enable)
[AKV_VENC][2000-01-01 00:00:20 003] ## max nalu size = 8533, type: P, stream 0x19b85d8
[AKV_VENC][2000-01-01 00:00:20 006] ## max nalu size = 1353, type: P, stream 0x19d13e0
[ SD_ADEC][2000-01-01 00:00:20 020] ## Echo: [ SD_ADEC][2000-01-01 00:00:20 022] set NR param[ SD_ADEC][2000-01-01 00:00:20 024]  (enable)
[     VQE][2000-01-01 00:00:20 052] [ak_vqe_inner_set_ai_aec:2300] aec need to open
 [ SD_ADEC][2000-01-01 00:00:20 053] ## Echo: [ SD_ADEC][2000-01-01 00:00:20 057] set AEC param[ SD_ADEC][2000-01-01 00:00:20 061]  (enable)
[     VQE][2000-01-01 00:00:20 068] [loopback_start:1256] loopback start already
 [AKV_VENC][2000-01-01 00:00:20 114] ## max nalu size = 16911, type: P, stream 0x19b85d8
[AKV_VENC][2000-01-01 00:00:20 117] ## max nalu size = 3330, type: P, stream 0x19d13e0
[AKV_VENC][2000-01-01 00:00:20 235] ## max nalu size = 18563, type: P, stream 0x19b85d8
[AKV_VENC][2000-01-01 00:00:20 244] ## max nalu size = 3598, type: P, stream 0x19d13e0
[AKV_VENC][2000-01-01 00:00:20 256] ## max nalu size = 24972, type: P, stream 0x19b85d8
[AKV_VENC][2000-01-01 00:00:20 259] ## max nalu size = 4455, type: P, stream 0x19d13e0
[ SD_ADEC][2000-01-01 00:00:20 269] ## Echo: [ SD_ADEC][2000-01-01 00:00:20 270] set near_Volume param[ SD_ADEC][2000-01-01 00:00:20 271] 
[      AI][2000-01-01 00:00:20 288] [ak_ai_set_aslc_attr:2349] ak_ai_set_aslc_attr success
[      AI][2000-01-01 00:00:20 290] [ak_ai_set_gain:1273] set gain 3
adc get gain: 2
[ SD_ADEC][2000-01-01 00:00:20 299] ## Echo: [     OSD][2000-01-01 00:00:20 301] [ak_osd_LoadBitmap:516] success init
[ SD_ADEC][2000-01-01 00:00:20 305] load near_EQ[ SD_ADEC][2000-01-01 00:00:20 309] 
[AKV_VENC][2000-01-01 00:00:20 325] ## max nalu size = 27272, type: P, stream 0x19b85d8
[      AI][2000-01-01 00:00:20 352] [ak_ai_set_eq_attr:1930] ak_ai_set_vqe_attr success
MAINCHN0 iomap c29c0000 829c0000 size:24576
[ SD_ADEC][2000-01-01 00:00:20 369] ## Echo: [ SD_ADEC][2000-01-01 00:00:20 370] set far_NR param[ SD_ADEC][2000-01-01 00:00:20 372]  (enable)
SUBCHN0 iomap c29d2000 829d2000 size:6656
[      AO][2000-01-01 00:00:20 412] [ak_ao_set_nr_attr:1363] leave...
[ SD_ADEC][2000-01-01 00:00:20 413] ## Echo: [ SD_ADEC][2000-01-01 00:00:20 415] set far_Volume param[ SD_ADEC][2000-01-01 00:00:20 416] 
[ SD_ADEC][2000-01-01 00:00:20 436] ## Echo: [ SD_ADEC][2000-01-01 00:00:20 439] set AEC param[ SD_ADEC][2000-01-01 00:00:20 440]  (enable)
[     VQE][2000-01-01 00:00:20 442] [loopback_start:1256] loopback start already
 [AKV_VENC][2000-01-01 00:00:20 465] ## max nalu size = 27898, type: P, stream 0x19b85d8
[      AO][2000-01-01 00:00:20 492] [ak_ao_set_aslc_attr:1290] leave...
[ SD_ADEC][2000-01-01 00:00:20 494] ## Echo: [ SD_ADEC][2000-01-01 00:00:20 495] set far_EQ param[ SD_ADEC][2000-01-01 00:00:20 496] 
[      AO][2000-01-01 00:00:20 531] [ak_ao_set_eq_attr:1041] leave...
[AKV_VENC][2000-01-01 00:00:20 536] ## max nalu size = 5244, type: P, stream 0x19d13e0
/usr/sbin/blue_led.sh off
/usr/sbin/blue_led.sh: line 33: can't create /sys/class/leds/blue_led/brightness: nonexistent directory
/usr/sbin/blue_led.sh: line 39: can't create /sys/class/leds/blue_led/brightness: nonexistent directory
/usr/sbin/red_led.sh off
/usr/sbin/red_led.sh: line 33: can't create /sys/class/leds/red_led/brightness: nonexistent directory
/usr/sbin/red_led.sh: line 39: can't create /sys/class/leds/red_led/brightness: nonexistent directory
/usr/sbin/red_led.sh on
/usr/sbin/red_led.sh: line 33: can't create /sys/class/leds/red_led/brightness: nonexistent directory
/usr/sbin/state_led.sh off
/usr/sbin/state_led.sh on
########MRD Lib V1.0.06########sc2336_cropcap bounds.width:1920, bounds.height:1080

[      VI][2000-01-01 00:00:20 682] vi_dev_get_sensor_crop 141, ret:0, w:1920, h:1080
[      MD][2000-01-01 00:00:20 692] [md_thread:443] thread id : 546
[      MD][2000-01-01 00:00:20 703] [ak_md_set_sensitivity:691] sensitivity:50 
1 1 1 1 1 1 1 1 1 1 1 1 1 1 1 1 1 1 1 1 1 1 1 1 1 1 1 1 1 1 1 1 
1 1 1 1 1 1 1 1 1 1 1 1 1 1 1 1 1 1 1 1 1 1 1 1 1 1 1 1 1 1 1 1 
1 1 1 1 1 1 1 1 1 1 1 1 1 1 1 1 1 1 1 1 1 1 1 1 1 1 1 1 1 1 1 1 
1 1 1 1 1 1 1 1 1 1 1 1 1 1 1 1 1 1 1 1 1 1 1 1 1 1 1 1 1 1 1 1 
1 1 1 1 1 1 1 1 1 1 1 1 1 1 1 1 1 1 1 1 1 1 1 1 1 1 1 1 1 1 1 1 
1 1 1 1 1 1 1 1 1 1 1 1 1 1 1 1 1 1 1 1 1 1 1 1 1 1 1 1 1 1 1 1 
1 1 1 1 1 1 1 1 1 1 1 1 1 1 1 1 1 1 1 1 1 1 1 1 1 1 1 1 1 1 1 1 
1 1 1 1 1 1 1 1 1 1 1 1 1 1 1 1 1 1 1 1 1 1 1 1 1 1 1 1 1 1 1 1 
1 1 1 1 1 1 1 1 1 1 1 1 1 1 1 1 1 1 1 1 1 1 1 1 1 1 1 1 1 1 1 1 
1 1 1 1 1 1 1 1 1 1 1 1 1 1 1 1 1 1 1 1 1 1 1 1 1 1 1 1 1 1 1 1 
1 1 1 1 1 1 1 1 1 1 1 1 1 1 1 1 1 1 1 1 1 1 1 1 1 1 1 1 1 1 1 1 
1 1 1 1 1 1 1 1 1 1 1 1 1 1 1 1 1 1 1 1 1 1 1 1 1 1 1 1 1 1 1 1 
1 1 1 1 1 1 1 1 1 1 1 1 1 1 1 1 1 1 1 1 1 1 1 1 1 1 1 1 1 1 1 1 
1 1 1 1 1 1 1 1 1 1 1 1 1 1 1 1 1 1 1 1 1 1 1 1 1 1 1 1 1 1 1 1 
1 1 1 1 1 1 1 1 1 1 1 1 1 1 1 1 1 1 1 1 1 1 1 1 1 1 1 1 1 1 1 1 
1 1 1 1 1 1 1 1 1 1 1 1 1 1 1 1 1 1 1 1 1 1 1 1 1 1 1 1 1 1 1 1 
1 1 1 1 1 1 1 1 1 1 1 1 1 1 1 1 1 1 1 1 1 1 1 1 1 1 1 1 1 1 1 1 
1 1 1 1 1 1 1 1 1 1 1 1 1 1 1 1 1 1 1 1 1 1 1 1 1 1 1 1 1 1 1 1 
1 1 1 1 1 1 1 1 1 1 1 1 1 1 1 1 1 1 1 1 1 1 1 1 1 1 1 1 1 1 1 1 
1 1 1 1 1 1 1 1 1 1 1 1 1 1 1 1 1 1 1 1 1 1 1 1 1 1 1 1 1 1 1 1 
1 1 1 1 1 1 1 1 1 1 1 1 1 1 1 1 1 1 1 1 1 1 1 1 1 1 1 1 1 1 1 1 
1 1 1 1 1 1 1 1 1 1 1 1 1 1 1 1 1 1 1 1 1 1 1 1 1 1 1 1 1 1 1 1 
1 1 1 1 1 1 1 1 1 1 1 1 1 1 1 1 1 1 1 1 1 1 1 1 1 1 1 1 1 1 1 1 
1 1 1 1 1 1 1 1 1 1 1 1 1 1 1 1 1 1 1 1 1 1 1 1 1 1 1 1 1 1 1 1 
[      MD][2000-01-01 00:00:20 719] [ak_md_enable:1070] enable:0
echo 42 > /sys/class/gpio/export
echo low > /sys/class/gpio/gpio42/direction
echo 41 > /sys/class/gpio/export
echo high > /sys/class/gpio/gpio41/direction
echo 1 > /sys/class/gpio/gpio42/value
echo 0 > /sys/class/gpio/gpio41/value
[AKV_VENC][2000-01-01 00:00:21 025] ## max nalu size = 33745, type: P, stream 0x19b85d8
[AKV_VENC][2000-01-01 00:00:21 028] ## max nalu size = 8590, type: P, stream 0x19d13e0
echo 0 > /sys/class/gpio/gpio42/value
echo 0 > /sys/class/gpio/gpio42/value
echo 1 > /sys/class/gpio/gpio41/value
[AKV_VENC][2000-01-01 00:00:21 586] ## max nalu size = 13926, type: P, stream 0x19d13e0
[AKV_VENC][2000-01-01 00:00:21 655] ## max nalu size = 15697, type: I, stream 0x19d13e0
echo 1 > /sys/class/gpio/gpio42/value
touch /tmp/ircut_has_reset_flag
echo 0 > /sys/devices/platform/leds/leds/ir_led/brightness
[    VPSS][2000-01-01 00:00:22 331] [set_auto_day_night_param:341] (switch day_night) D_to_N=2000 ,N_to_D=1000,lock_time=1800000
[    VPSS][2000-01-01 00:00:22 333] [set_auto_day_night_param:344] 0--100000
[    VPSS][2000-01-01 00:00:22 334] [set_auto_day_night_param:344] 1--100000
[    VPSS][2000-01-01 00:00:22 339] [set_auto_day_night_param:344] 2--100000
[    VPSS][2000-01-01 00:00:22 345] [set_auto_day_night_param:344] 3--100000
[    VPSS][2000-01-01 00:00:22 347] [set_auto_day_night_param:344] 4--100000
[    VPSS][2000-01-01 00:00:22 349] [set_auto_day_night_param:347] 0--1800000
[    VPSS][2000-01-01 00:00:22 351] [set_auto_day_night_param:347] 1--300000
[    VPSS][2000-01-01 00:00:22 355] [set_auto_day_night_param:347] 2--300000
[    VPSS][2000-01-01 00:00:22 357] [set_auto_day_night_param:347] 3--300000
[    VPSS][2000-01-01 00:00:22 359] [set_auto_day_night_param:347] 4--300000
[    VPSS][2000-01-01 00:00:22 360] [set_auto_day_night_param:347] 5--300000
[    VPSS][2000-01-01 00:00:22 361] [set_auto_day_night_param:347] 6--300000
[    VPSS][2000-01-01 00:00:22 363] [set_auto_day_night_param:347] 7--300000
[    VPSS][2000-01-01 00:00:22 364] [set_auto_day_night_param:347] 8--300000
[    VPSS][2000-01-01 00:00:22 365] [set_auto_day_night_param:347] 9--2000000
touch /tmp/IPC_BOOTUP_FINISH
[01-01 18:12:15:227 TUYA Notice][gw_intf.c:2324] serial_no:(null)
[01-01 18:12:15:228 TUYA Notice][gw_intf.c:2353] gw_cntl.gw_wsm.stat:2
[01-01 18:12:15:228 TUYA Notice][gw_intf.c:2356] gw_cntl.gw_wsm.nc_tp:6
[01-01 18:12:15:228 TUYA Notice][gw_intf.c:2357] gw_cntl.gw_wsm.md:0
[01-01 18:12:15:228 TUYA Notice][gw_intf.c:2358] gw_cntl.gw_wsm.dns_prio:0
unm_set_dns_cache_priority ->0
[01-01 18:12:15:229 TUYA Notice][gw_intf.c:2392] gw_cntl.gw_if.abi:0 input:0
[01-01 18:12:15:229 TUYA Notice][gw_intf.c:2393] gw_cntl.gw_if.product_key:zbuiw0u36fmxfyup, input:zbuiw0u36fmxfyup
[01-01 18:12:15:229 TUYA Notice][gw_intf.c:2394] gw_cntl.gw_if.tp:0, input:0
unm_set_dns_region 2
unw_add_dns_cache [http://a.tuyaeu.com/d.json]<->[58270043]
unw_add_dns_cache [https://a2.tuyaeu.com/d.json]<->[597467122]
unw_add_dns_cache [m2.tuyaeu.com]<->[876280109]
unw_add_dns_cache [m2.tuyaeu.com]<->[876280109]
unw_add_dns_cache [baal.tuyaeu.com]<->[58502410]
/usr/sbin/blue_led.sh blink 250 250
cat: can't open '/sys/class/leds/blue_led/brightness': No such file or directory
sh: bad number
/usr/sbin/blue_led.sh: line 50: can't create /sys/class/leds/blue_led/trigger: nonexistent directory
/usr/sbin/blue_led.sh: line 51: can't create /sys/class/leds/blue_led/delay_off: nonexistent directory
/usr/sbin/blue_led.sh: line 52: can't create /sys/class/leds/blue_led/delay_on: nonexistent directory
/usr/sbin/red_led.sh off
/usr/sbin/red_led.sh: line 33: can't create /sys/class/leds/red_led/brightness: nonexistent directory
/usr/sbin/red_led.sh: line 39: can't create /sys/class/leds/red_led/brightness: nonexistent directory
killall -9 "udhcpc" > /dev/null
killall: udhcpc: no process killed
/usr/sbin/state_led.sh blink 1000 1000
ifconfig eth0 0.0.0.0
[01-01 18:12:15:421 TUYA Warn][app_agent.c:295] lan is inited before
[01-01 18:12:15:422 TUYA Notice][gw_intf.c:479] stop smt cfg mthd:0
ifconfig: SIOCSIFADDR: No such device
/usr/sbin/blue_led.sh blink 250 250
cat: can't open '/sys/class/leds/blue_led/brightness': No such file or directory
sh: bad number
/usr/sbin/blue_led.sh: line 50: can't create /sys/class/leds/blue_led/trigger: nonexistent directory
/usr/sbin/blue_led.sh: line 51: can't create /sys/class/leds/blue_led/delay_off: nonexistent directory
/usr/sbin/blue_led.sh: line 52: can't create /sys/class/leds/blue_led/delay_on: nonexistent directory
/usr/sbin/red_led.sh off
/usr/sbin/red_led.sh: line 33: can't create /sys/class/leds/red_led/brightness: nonexistent directory
/usr/sbin/red_led.sh: line 39: can't create /sys/class/leds/red_led/brightness: nonexistent directory
/usr/sbin/state_led.sh blink 1000 1000
[    VPSS][2000-01-01 00:00:23 739] [isp_set_sensor_fps:2633] set sensor fps: 14
[    VPSS][2000-01-01 00:00:23 750] [set_fps:236] set dev:0 fps:14 ok
[AKV_VENC][2000-01-01 00:00:23 826] ## max nalu size = 78539, type: I, stream 0x19b85d8
echo 0 > /sys/devices/platform/leds/leds/ir_led/brightness
[01-01 01:00:00:816 TUYA Err][mqtt_client.c:1127] mqtt task is not permit to execute. short sleep..
[      MD][2000-01-01 00:00:24 187] [ak_md_set_sensitivity:691] sensitivity:50 
1 1 1 1 1 1 1 1 1 1 1 1 1 1 1 1 1 1 1 1 1 1 1 1 1 1 1 1 1 1 1 1 
1 1 1 1 1 1 1 1 1 1 1 1 1 1 1 1 1 1 1 1 1 1 1 1 1 1 1 1 1 1 1 1 
1 1 1 1 1 1 1 1 1 1 1 1 1 1 1 1 1 1 1 1 1 1 1 1 1 1 1 1 1 1 1 1 
1 1 1 1 1 1 1 1 1 1 1 1 1 1 1 1 1 1 1 1 1 1 1 1 1 1 1 1 1 1 1 1 
1 1 1 1 1 1 1 1 1 1 1 1 1 1 1 1 1 1 1 1 1 1 1 1 1 1 1 1 1 1 1 1 
1 1 1 1 1 1 1 1 1 1 1 1 1 1 1 1 1 1 1 1 1 1 1 1 1 1 1 1 1 1 1 1 
1 1 1 1 1 1 1 1 1 1 1 1 1 1 1 1 1 1 1 1 1 1 1 1 1 1 1 1 1 1 1 1 
1 1 1 1 1 1 1 1 1 1 1 1 1 1 1 1 1 1 1 1 1 1 1 1 1 1 1 1 1 1 1 1 
1 1 1 1 1 1 1 1 1 1 1 1 1 1 1 1 1 1 1 1 1 1 1 1 1 1 1 1 1 1 1 1 
1 1 1 1 1 1 1 1 1 1 1 1 1 1 1 1 1 1 1 1 1 1 1 1 1 1 1 1 1 1 1 1 
1 1 1 1 1 1 1 1 1 1 1 1 1 1 1 1 1 1 1 1 1 1 1 1 1 1 1 1 1 1 1 1 
1 1 1 1 1 1 1 1 1 1 1 1 1 1 1 1 1 1 1 1 1 1 1 1 1 1 1 1 1 1 1 1 
1 1 1 1 1 1 1 1 1 1 1 1 1 1 1 1 1 1 1 1 1 1 1 1 1 1 1 1 1 1 1 1 
1 1 1 1 1 1 1 1 1 1 1 1 1 1 1 1 1 1 1 1 1 1 1 1 1 1 1 1 1 1 1 1 
1 1 1 1 1 1 1 1 1 1 1 1 1 1 1 1 1 1 1 1 1 1 1 1 1 1 1 1 1 1 1 1 
1 1 1 1 1 1 1 1 1 1 1 1 1 1 1 1 1 1 1 1 1 1 1 1 1 1 1 1 1 1 1 1 
1 1 1 1 1 1 1 1 1 1 1 1 1 1 1 1 1 1 1 1 1 1 1 1 1 1 1 1 1 1 1 1 
1 1 1 1 1 1 1 1 1 1 1 1 1 1 1 1 1 1 1 1 1 1 1 1 1 1 1 1 1 1 1 1 
1 1 1 1 1 1 1 1 1 1 1 1 1 1 1 1 1 1 1 1 1 1 1 1 1 1 1 1 1 1 1 1 
1 1 1 1 1 1 1 1 1 1 1 1 1 1 1 1 1 1 1 1 1 1 1 1 1 1 1 1 1 1 1 1 
1 1 1 1 1 1 1 1 1 1 1 1 1 1 1 1 1 1 1 1 1 1 1 1 1 1 1 1 1 1 1 1 
1 1 1 1 1 1 1 1 1 1 1 1 1 1 1 1 1 1 1 1 1 1 1 1 1 1 1 1 1 1 1 1 
1 1 1 1 1 1 1 1 1 1 1 1 1 1 1 1 1 1 1 1 1 1 1 1 1 1 1 1 1 1 1 1 
1 1 1 1 1 1 1 1 1 1 1 1 1 1 1 1 1 1 1 1 1 1 1 1 1 1 1 1 1 1 1 1 
1 1 1 1 1 1 1 1 1 1 1 1 1 1 1 1 1 1 1 1 1 1 1 1 1 1 1 1 1 1 1 1 
1 1 1 1 1 1 1 1 1 1 1 1 1 1 1 1 1 1 1 1 1 1 1 1 1 1 1 1 1 1 1 1 
1 1 1 1 1 1 1 1 1 1 1 1 1 1 1 1 1 1 1 1 1 1 1 1 1 1 1 1 1 1 1 1 
1 1 1 1 1 1 1 1 1 1 1 1 1 1 1 1 1 1 1 1 1 1 1 1 1 1 1 1 1 1 1 1 
1 1 1 1 1 1 1 1 1 1 1 1 1 1 1 1 1 1 1 1 1 1 1 1 1 1 1 1 1 1 1 1 
1 1 1 1 1 1 1 1 1 1 1 1 1 1 1 1 1 1 1 1 1 1 1 1 1 1 1 1 1 1 1 1 
1 1 1 1 1 1 1 1 1 1 1 1 1 1 1 1 1 1 1 1 1 1 1 1 1 1 1 1 1 1 1 1 
1 1 1 1 1 1 1 1 1 1 1 1 1 1 1 1 1 1 1 1 1 1 1 1 1 1 1 1 1 1 1 1 
1 1 1 1 1 1 1 1 1 1 1 1 1 1 1 1 1 1 1 1 1 1 1 1 1 1 1 1 1 1 1 1 
1 1 1 1 1 1 1 1 1 1 1 1 1 1 1 1 1 1 1 1 1 1 1 1 1 1 1 1 1 1 1 1 
1 1 1 1 1 1 1 1 1 1 1 1 1 1 1 1 1 1 1 1 1 1 1 1 1 1 1 1 1 1 1 1 
1 1 1 1 1 1 1 1 1 1 1 1 1 1 1 1 1 1 1 1 1 1 1 1 1 1 1 1 1 1 1 1 
1 1 1 1 1 1 1 1 1 1 1 1 1 1 1 1 1 1 1 1 1 1 1 1 1 1 1 1 1 1 1 1 
1 1 1 1 1 1 1 1 1 1 1 1 1 1 1 1 1 1 1 1 1 1 1 1 1 1 1 1 1 1 1 1 
1 1 1 1 1 1 1 1 1 1 1 1 1 1 1 1 1 1 1 1 1 1 1 1 1 1 1 1 1 1 1 1 
1 1 1 1 1 1 1 1 1 1 1 1 1 1 1 1 1 1 1 1 1 1 1 1 1 1 1 1 1 1 1 1 
1 1 1 1 1 1 1 1 1 1 1 1 1 1 1 1 1 1 1 1 1 1 1 1 1 1 1 1 1 1 1 1 
1 1 1 1 1 1 1 1 1 1 1 1 1 1 1 1 1 1 1 1 1 1 1 1 1 1 1 1 1 1 1 1 
1 1 1 1 1 1 1 1 1 1 1 1 1 1 1 1 1 1 1 1 1 1 1 1 1 1 1 1 1 1 1 1 
1 1 1 1 1 1 1 1 1 1 1 1 1 1 1 1 1 1 1 1 1 1 1 1 1 1 1 1 1 1 1 1 
1 1 1 1 1 1 1 1 1 1 1 1 1 1 1 1 1 1 1 1 1 1 1 1 1 1 1 1 1 1 1 1 
1 1 1 1 1 1 1 1 1 1 1 1 1 1 1 1 1 1 1 1 1 1 1 1 1 1 1 1 1 1 1 1 
1 1 1 1 1 1 1 1 1 1 1 1 1 1 1 1 1 1 1 1 1 1 1 1 1 1 1 1 1 1 1 1 
1 1 1 1 1 1 1 1 1 1 1 1 1 1 1 1 1 1 1 1 1 1 1 1 1 1 1 1 1 1 1 1 
killall -9 "udhcpc" > /dev/null
killall: udhcpc: no process killed
killall -9 "wpa_supplicant" > /dev/null
killall: wpa_supplicant: no process killed
ifconfig wlan0 0.0.0.0
ifconfig wlan0 down
[01-01 01:00:01:856 TUYA Err][mqtt_client.c:1127] mqtt task is not permit to execute. short sleep..
ifconfig wlan0 up
[01-01 01:00:02:903 TUYA Err][mqtt_client.c:1127] mqtt task is not permit to execute. short sleep..
cp /tmp/wpa_supplicant.conf /tmp/wpa.conf
cp -rf /usr/bin/wpa_supplicant /tmp/wpa_supplicant
[01-01 01:00:03:968 TUYA Err][mqtt_client.c:1127] mqtt task is not permit to execute. short sleep..
# /tmp/wpa_supplicant -B -iwlan0 -Dnl80211 -c /tmp/wpa_supplicant.conf
/tmp/wpa_supplicant -B -iwlan0 -Dnl80211 -c /tmp/wpa_supplicant.conf
Enter unblock_system_func thread!:: /tmp/wpa_supplicant -B -iwlan0 -Dnl80211 -c /tmp/wpa_supplicant.conf 
Successfully initialized wpa_supplicant
rfkill: Cannot open RFKILL control device
Exit unblock_system_func thread!:: /tmp/wpa_supplicant -B -iwlan0 -Dnl80211 -c /tmp/wpa_supplicant.conf. -1 - 0
[01-01 01:00:05:71 TUYA Err][mqtt_client.c:1127] mqtt task is not permit to execute. short sleep..
[01-01 01:00:05:693 TUYA Err][app_agent.c:834] sendto Failed,len:172 ret:-1,errno:-18 port:6667
[01-01 01:00:06:119 TUYA Err][mqtt_client.c:1127] mqtt task is not permit to execute. short sleep..
udhcpc -i wlan0 -t 10 -A 5 -q &
udhcpc: started, v1.30.1
[01-01 01:00:07:212 TUYA Err][mqtt_client.c:1127] mqtt task is not permit to execute. short sleep..
udhcpc: sending discover
########MRD Lib V1.0.06########
[Application][2000-01-01 00:00:30 856] ########MT Lib V1.0.09########
[01-01 01:00:08:325 TUYA Err][mqtt_client.c:1127] mqtt task is not permit to execute. short sleep..
rm /tmp/wpa_supplicant.conf
[01-01 01:00:09:363 TUYA Err][mqtt_client.c:1127] mqtt task is not permit to execute. short sleep..
udhcpc: sending discover
[01-01 01:00:10:467 TUYA Err][mqtt_client.c:1127] mqtt task is not permit to execute. short sleep..
[01-01 01:00:10:773 TUYA Err][app_agent.c:834] sendto Failed,len:172 ret:-1,errno:-18 port:6667
udhcpc: sending select for 192.168.2.160
[01-01 01:00:11:507 TUYA Err][mqtt_client.c:1127] mqtt task is not permit to execute. short sleep..
udhcpc: lease of 192.168.2.160 obtained, lease time 1814400
deleting routes
route: SIOCDELRT: No such process
adding dns 192.168.2.1
[01-01 01:00:12:551 TUYA Err][mqtt_client.c:1127] mqtt task is not permit to execute. short sleep..
[01-01 01:00:13:597 TUYA Err][mqtt_client.c:1127] mqtt task is not permit to execute. short sleep..
[01-01 01:00:14:645 TUYA Err][mqtt_client.c:1127] mqtt task is not permit to execute. short sleep..
[01-01 01:00:15:720 TUYA Err][mqtt_client.c:1127] mqtt task is not permit to execute. short sleep..
[01-01 01:00:16:763 TUYA Err][mqtt_client.c:1127] mqtt task is not permit to execute. short sleep..
unw_gethostbyname m2.tuyaeu.com, prio 0
match_region 2
use dynamic dns ip 876280109 for domain m2.tuyaeu.com
[01-01 01:00:17:791 TUYA Notice][mqtt_client.c:1153] mqtt get serve ip success
[01-01 01:00:18:702 TUYA Notice][mqtt_client.c:1196] mqtt socket connect success. begin to subscribe 

/usr/sbin/blue_led.sh off
/usr/sbin/blue_led.sh: line 33: can't create /sys/class/leds/blue_led/brightness: nonexistent directory
/usr/sbin/blue_led.sh: line 39: can't create /sys/class/leds/blue_led/brightness: nonexistent directory
/usr/sbin/blue_led.sh on
/usr/sbin/blue_led.sh: line 33: can't create /sys/class/leds/blue_led/brightness: nonexistent directory
/usr/sbin/red_led.sh off
/usr/sbin/red_led.sh: line 33: can't create /sys/class/leds/red_led/brightness: nonexistent directory
/usr/sbin/red_led.sh: line 39: can't create /sys/class/leds/red_led/brightness: nonexistent directory
/usr/sbin/state_led.sh off
unw_gethostbyname a2.tuyaeu.com, prio 0
match_region 2
use dynamic dns ip 597467122 for domain a2.tuyaeu.com
unw_gethostbyname a2.tuyaeu.com, prio 0
match_region 2
use dynamic dns ip 597467122 for domain a2.tuyaeu.com
set second:1748934078
hwclock -w
echo GMT-01:00 > /tmp/TZ
P2P API Version: 244.3.3.5
tuya p2p rtc sdk version: 0xf4030305, Dec  2 2021 10:09:36
unw_gethostbyname a2.tuyaeu.com, prio 0
match_region 2
use dynamic dns ip 597467122 for domain a2.tuyaeu.com
unw_gethostbyname a2.tuyaeu.com, prio 0
match_region 2
use dynamic dns ip 597467122 for domain a2.tuyaeu.com
[06-03 07:01:20:54 TUYA Err][tuya_ipc_p2p.c:4918] p2p v3 init ok
mqtt p2p LISTEN session........
40136 INFO  src/tuya_rtc.c:5565: try listen
[06-03 07:01:20:120 TUYA Err][tuya_iot_com_api.c:637] devid:(null) dparr[0]:101 not find
[06-03 07:01:20:120 TUYA Err][tuya_iot_com_api.c:786] dp composition fail.ret:-944
[06-03 07:01:20:223 TUYA Err][tuya_iot_com_api.c:637] devid:(null) dparr[0]:107 not find
[06-03 07:01:20:223 TUYA Err][tuya_iot_com_api.c:786] dp composition fail.ret:-944
[06-03 07:01:20:281 TUYA Err][tuya_iot_com_api.c:637] devid:(null) dparr[0]:124 not find
[06-03 07:01:20:282 TUYA Err][tuya_iot_com_api.c:786] dp composition fail.ret:-944
[06-03 07:01:21:143 TUYA Err][tuya_iot_com_api.c:637] devid:(null) dparr[0]:162 not find
[06-03 07:01:21:144 TUYA Err][tuya_iot_com_api.c:786] dp composition fail.ret:-944
[06-03 07:01:21:144 TUYA Err][tuya_iot_com_api.c:637] devid:(null) dparr[0]:138 not find
[06-03 07:01:21:145 TUYA Err][tuya_iot_com_api.c:786] dp composition fail.ret:-944
[06-03 07:01:21:207 TUYA Err][tuya_iot_com_api.c:637] devid:(null) dparr[0]:158 not find
[06-03 07:01:21:207 TUYA Err][tuya_iot_com_api.c:786] dp composition fail.ret:-944
[06-03 07:01:21:208 TUYA Err][tuya_iot_com_api.c:637] devid:(null) dparr[0]:193 not find
[06-03 07:01:21:208 TUYA Err][tuya_iot_com_api.c:786] dp composition fail.ret:-944
[06-03 07:01:21:208 TUYA Err][tuya_iot_com_api.c:637] devid:(null) dparr[0]:192 not find
[06-03 07:01:21:208 TUYA Err][tuya_iot_com_api.c:786] dp composition fail.ret:-944
[06-03 07:01:21:208 TUYA Err][tuya_iot_com_api.c:637] devid:(null) dparr[0]:123 not find
[06-03 07:01:21:208 TUYA Err][tuya_iot_com_api.c:786] dp composition fail.ret:-944
[06-03 07:01:21:208 TUYA Err][tuya_iot_com_api.c:637] devid:(null) dparr[0]:232 not find
[06-03 07:01:21:209 TUYA Err][tuya_iot_com_api.c:786] dp composition fail.ret:-944
[06-03 07:01:21:209 TUYA Err][tuya_iot_com_api.c:637] devid:(null) dparr[0]:235 not find
[06-03 07:01:21:209 TUYA Err][tuya_iot_com_api.c:786] dp composition fail.ret:-944
[06-03 07:01:21:209 TUYA Err][tuya_iot_com_api.c:637] devid:(null) dparr[0]:234 not find
[06-03 07:01:21:209 TUYA Err][tuya_iot_com_api.c:786] dp composition fail.ret:-944
[06-03 07:01:21:209 TUYA Err][tuya_iot_com_api.c:637] devid:(null) dparr[0]:160 not find
[06-03 07:01:21:210 TUYA Err][tuya_iot_com_api.c:786] dp composition fail.ret:-944
[06-03 07:01:21:210 TUYA Err][tuya_iot_com_api.c:637] devid:(null) dparr[0]:240 not find
[06-03 07:01:21:210 TUYA Err][tuya_iot_com_api.c:786] dp composition fail.ret:-944
[06-03 07:01:21:210 TUYA Err][tuya_iot_com_api.c:637] devid:(null) dparr[0]:241 not find
[06-03 07:01:21:210 TUYA Err][tuya_iot_com_api.c:786] dp composition fail.ret:-944
[06-03 07:01:21:210 TUYA Err][tuya_iot_com_api.c:637] devid:(null) dparr[0]:242 not find
[06-03 07:01:21:210 TUYA Err][tuya_iot_com_api.c:786] dp composition fail.ret:-944
[06-03 07:01:21:211 TUYA Err][tuya_iot_com_api.c:637] devid:(null) dparr[0]:243 not find
[06-03 07:01:21:211 TUYA Err][tuya_iot_com_api.c:786] dp composition fail.ret:-944
[06-03 07:01:21:211 TUYA Err][tuya_iot_com_api.c:637] devid:(null) dparr[0]:244 not find
[06-03 07:01:21:211 TUYA Err][tuya_iot_com_api.c:786] dp composition fail.ret:-944
[06-03 07:01:21:211 TUYA Err][tuya_iot_com_api.c:637] devid:(null) dparr[0]:245 not find
[06-03 07:01:21:211 TUYA Err][tuya_iot_com_api.c:786] dp composition fail.ret:-944
[06-03 07:01:21:212 TUYA Err][tuya_iot_com_api.c:637] devid:(null) dparr[0]:246 not find
[06-03 07:01:21:212 TUYA Err][tuya_iot_com_api.c:786] dp composition fail.ret:-944
[06-03 07:01:21:212 TUYA Err][tuya_iot_com_api.c:637] devid:(null) dparr[0]:247 not find
[06-03 07:01:21:212 TUYA Err][tuya_iot_com_api.c:786] dp composition fail.ret:-944
[06-03 07:01:21:212 TUYA Err][tuya_iot_com_api.c:637] devid:(null) dparr[0]:248 not find
[06-03 07:01:21:212 TUYA Err][tuya_iot_com_api.c:786] dp composition fail.ret:-944
[06-03 07:01:21:212 TUYA Err][tuya_iot_com_api.c:637] devid:(null) dparr[0]:249 not find
[06-03 07:01:21:212 TUYA Err][tuya_iot_com_api.c:786] dp composition fail.ret:-944
[06-03 07:01:21:213 TUYA Err][tuya_iot_com_api.c:637] devid:(null) dparr[0]:167 not find
[06-03 07:01:21:213 TUYA Err][tuya_iot_com_api.c:786] dp composition fail.ret:-944
[06-03 07:01:21:213 TUYA Err][tuya_iot_com_api.c:637] devid:(null) dparr[0]:152 not find
[06-03 07:01:21:213 TUYA Err][tuya_iot_com_api.c:786] dp composition fail.ret:-944
[06-03 07:01:21:213 TUYA Err][tuya_iot_com_api.c:637] devid:(null) dparr[0]:174 not find
[06-03 07:01:21:213 TUYA Err][tuya_iot_com_api.c:786] dp composition fail.ret:-944
[06-03 07:01:21:214 TUYA Err][tuya_iot_com_api.c:637] devid:(null) dparr[0]:175 not find
[06-03 07:01:21:232 TUYA Err][tuya_iot_com_api.c:786] dp composition fail.ret:-944
[06-03 07:01:21:294 TUYA Err][tuya_iot_com_api.c:637] devid:(null) dparr[0]:172 not find
[06-03 07:01:21:294 TUYA Err][tuya_iot_com_api.c:786] dp composition fail.ret:-944
[06-03 07:01:21:295 TUYA Err][tuya_iot_com_api.c:637] devid:(null) dparr[0]:173 not find
[06-03 07:01:21:295 TUYA Err][tuya_iot_com_api.c:786] dp composition fail.ret:-944
[06-03 07:01:21:297 TUYA Err][tuya_iot_com_api.c:637] devid:(null) dparr[0]:198 not find
[06-03 07:01:21:297 TUYA Err][tuya_iot_com_api.c:786] dp composition fail.ret:-944
[06-03 07:01:21:298 TUYA Err][tuya_ipc_cloud_storage.c:315] iot_wd_common_read fails md5_encrypt_key -901
[06-03 07:01:21:298 TUYA Err][tuya_ipc_cloud_storage.c:400] read key_key file failed.

unw_gethostbyname a2.tuyaeu.com, prio 0
match_region 2
use dynamic dns ip 597467122 for domain a2.tuyaeu.com
unw_gethostbyname a2.tuyaeu.com, prio 0
match_region 2
use dynamic dns ip 597467122 for domain a2.tuyaeu.com
[06-03 07:01:23:2 TUYA Err][cloud_operation.c:746] errorCode:CAMERA_STORAGE_ORDER_NOT_EXISTED
unw_gethostbyname a2.tuyaeu.com, prio 0
match_region 2
use dynamic dns ip 597467122 for domain a2.tuyaeu.com
[      MD][2025-06-03 08:01:23 211] [ak_md_set_sensitivity:691] sensitivity:50 
[      MD][2025-06-03 08:01:23 233] [ak_md_enable:1070] enable:1
[06-03 07:01:23:888 TUYA Err][tuya_ipc_stream_storage.c:1564] storage not inited
[06-03 07:01:23:907 TUYA Err][tuya_ipc_stream_storage.c:1564] storage not inited
[AKV_VENC][2025-06-03 08:01:25 501] 1080 P finish the learning , and the result is : 803 kbps and QP is 35, IQP is 32, Isize is 64326
[AKV_VENC][2025-06-03 08:01:25 504] 360 P finish the learning , and the result is : 104 kbps and QP is 25, IQP is 25, Isize is 4915
unw_gethostbyname a2.tuyaeu.com, prio 0
match_region 2
use dynamic dns ip 597467122 for domain a2.tuyaeu.com

anyka login: 
anyka login: root
Password: 
Login incorrect
anyka login: [APP_VIDEO][2025-06-03 08:02:02 997] [app_video_vi_stream_do_venc:550] Chn[0] cur frame ts[83659], start_time[13600], total_frame[1000], cur_int[70], int[66]!

Login timed out after 60 seconds

anyka login: [APP_VIDEO][2025-06-03 08:03:12 986] [app_video_vi_stream_do_venc:550] Chn[0] cur frame ts[153649], start_time[13600], total_frame[2000], cur_int[70], int[66]!
[APP_VIDEO][2025-06-03 08:04:22 975] [app_video_vi_stream_do_venc:550] Chn[0] cur frame ts[223638], start_time[13600], total_frame[3000], cur_int[70], int[66]!
[APP_VIDEO][2025-06-03 08:05:32 965] [app_video_vi_stream_do_venc:550] Chn[0] cur frame ts[293627], start_time[13600], total_frame[4000], cur_int[70], int[66]!
[AKV_VENC][2025-06-03 08:05:53 284] ## max nalu size = 15959, type: I, stream 0x19d13e0
15A 


U-Boot 2013.10.0-V3.1.28_bchV1.0.00 (Apr 12 2023 - 14:09:26)

DRAM:  64 MiB
efuse_read:0x00000006
8 MiB
sd detect gpio mode:84!
mmc_sd: 0
In:    serial
Out:   serial
Err:   serial
Net:   led init.
red led init:1.
No ethernet found.
MMC: detect card present
mmc/sd share pin!
send cmd 8 error, status = 2004
block rw command 8 is failed!
MMC: ak mmc mmc_send_if_cond Err!
** Bad device mmc 0 **
KERNEL: size:0x00180000, offset:0x00040000

SF: 1572864 bytes @ 0x40000 Read: OK
## Booting kernel from Legacy Image at 80008000 ...
   Image Name:   Linux-4.4.192V2.1
   Image Type:   ARM Linux Kernel Image (uncompressed)
   Data Size:    1570664 Bytes = 1.5 MiB
   Load Address: 80008000
   Entry Point:  80008040
   Verifying Checksum ... OK
   XIP Kernel Image ... OK
   kernel loaded at 0x80008000, end = 0x80187768
using: FDT

Starting kernel ...

Uncompressing Linux... done, booting the kernel.
Booting Linux on physical CPU 0x0
Linux version 4.4.192V2.1 (hutong@ubuntu) (gcc version 4.9.4 (Buildroot 2018.02.7_V1.0.03-g9ff3371) ) #1 Wed Apr 27 10:24:15 CST 2022
CPU: ARM926EJ-S [41069265] revision 5 (ARMv5TEJ), cr=0005317f
CPU: VIVT data cache, VIVT instruction cache
Machine model: ak3918ev330 dev board
Memory policy: Data cache writeback
ANYKA CPU AK39XXEV330 (ID 0x20160101)
Built 1 zonelists in Zone order, mobility grouping on.  Total pages: 16256
Kernel command line: console=ttySAK0,115200n8 root=/dev/mtdblock5 rootfstype=squashfs init=/sbin/init mtdparts=spi0.0:200K@0x0(UBOOT),4K@0x32000(ENV),4K@0x33000(ENVBK),48K@0x34000(DTB),1536K@0x40000(KERNEL),1024K@0x1C0000(ROOTFS),256K@0x2C0000(CONFIG),5120K@0x300000(APP) mem=64M memsize=64M
PID hash table entries: 256 (order: -2, 1024 bytes)
Dentry cache hash table entries: 8192 (order: 3, 32768 bytes)
Inode-cache hash table entries: 4096 (order: 2, 16384 bytes)
Memory: 35588K/65536K available (3078K kernel code, 116K rwdata, 980K rodata, 132K init, 188K bss, 29948K reserved, 0K cma-reserved)
Virtual kernel memory layout:
    vector  : 0xffff0000 - 0xffff1000   (   4 kB)
    fixmap  : 0xffc00000 - 0xfff00000   (3072 kB)
    vmalloc : 0xc4800000 - 0xff800000   ( 944 MB)
    lowmem  : 0xc0000000 - 0xc4000000   (  64 MB)
    modules : 0xbf000000 - 0xc0000000   (  16 MB)
      .text : 0xc0008000 - 0xc03fed44   (4060 kB)
      .init : 0xc03ff000 - 0xc0420000   ( 132 kB)
      .data : 0xc0420000 - 0xc043d150   ( 117 kB)
       .bss : 0xc043d150 - 0xc046c2d8   ( 189 kB)
SLUB: HWalign=32, Order=0-3, MinObjects=0, CPUs=1, Nodes=1
NR_IRQS:126
ak39ev330_clk: CPU(JCLK): 708(Mhz) 
ak39ev330_clk: MEMDDR2(DPHY): 354(Mhz) 
ak39ev330_clk: VCLK: 320(Mhz)
ak-timer: ak_timer_init
clocksource: ak_cs_timer: mask: 0xffffffff max_cycles: 0xffffffff, max_idle_ns: 159271703898 ns
sched_clock: 32 bits at 12MHz, resolution 83ns, wraps every 178956970966ns
Calibrating delay loop... 351.43 BogoMIPS (lpj=1757184)
pid_max: default: 32768 minimum: 301
Mount-cache hash table entries: 1024 (order: 0, 4096 bytes)
Mountpoint-cache hash table entries: 1024 (order: 0, 4096 bytes)
CPU: Testing write buffer coherency: ok
Setting up static identity map for 0x80008400 - 0x8000843c
devtmpfs: initialized
clocksource: jiffies: mask: 0xffffffff max_cycles: 0xffffffff, max_idle_ns: 19112604462750000 ns
futex hash table entries: 256 (order: -1, 3072 bytes)
pinctrl core: initialized pinctrl subsystem
NET: Registered protocol family 16
DMA: preallocated 256 KiB pool for atomic coherent allocations
On-chip L2 memory initialized
ak-pinctrl 20170000.gpio: ak_pinctrl_probe 1958
ak_ev330_pinctrl: ak_pinctrl_probe irq: 15
media: Linux media interface: v0.10
Linux video capture interface: v2.00
clocksource: Switched to clocksource ak_cs_timer
NET: Registered protocol family 2
TCP established hash table entries: 1024 (order: 0, 4096 bytes)
TCP bind hash table entries: 1024 (order: 0, 4096 bytes)
TCP: Hash tables configured (established 1024 bind 1024)
UDP hash table entries: 256 (order: 0, 4096 bytes)
UDP-Lite hash table entries: 256 (order: 0, 4096 bytes)
NET: Registered protocol family 1
squashfs: version 4.0 (2009/01/31) Phillip Lougher
jffs2: version 2.2. Â 2001-2006 Red Hat, Inc.
jitterentropy: Initialization failed with host not compliant with requirements: 2
io scheduler noop registered (default)
AKxx uart driver init, (c) 2013 ANYKA
20130000.uart0: ttySAK0 at MMIO 0x20130000 (irq = 10, base_baud = 10000000) is a AK
console [ttySAK0] enabled
loop: module loaded
Start to init Anyka SPI Flash...
init Anyka SPI Nand Flash driver
spi0 new hz is 40000000, div is 2(change).
ak spiflash probe enter.
akspi flash ID: 0x00204017
ak-spiflash spi0.0: xm25qh64c (16384 Kbytes)
8 cmdlinepart partitions found on MTD device spi0.0
Creating 8 MTD partitions on "spi0.0":
0x000000000000-0x000000032000 : "UBOOT"
0x000000032000-0x000000033000 : "ENV"
0x000000033000-0x000000034000 : "ENVBK"
0x000000034000-0x000000040000 : "DTB"
0x000000040000-0x0000001c0000 : "KERNEL"
0x0000001c0000-0x0000002c0000 : "ROOTFS"
0x0000002c0000-0x000000300000 : "CONFIG"
0x000000300000-0x000000800000 : "APP"
Init AK SPI Flash finish.
akspi master SPI0 initialize success, use for PIO mode.
i2c /dev entries driver
ak_wdt_init: watchdog register...
NET: Registered protocol family 17
sctp: Hash tables configured (established 512 bind 1024)

VFS: Mounted root (squashfs filesystem) readonly on device 31:5.
devtmpfs: mounted
Freeing unused kernel memory: 132K
mount all file system...
**************************
    Love Linux ! ! ! 
**************************
/bin/mount -t squashfs /dev/mtdblock7 /usr
/bin/mount -t jffs2 /dev/mtdblock6 /etc/config
starting mdev...

anyka login: install sc2336 mipi driver
sc2336_probe Apr 21 2023 16:46:59
15A 


U-Boot 2013.10.0-V3.1.28_bchV1.0.00 (Apr 12 2023 - 14:09:26)

DRAM:  64 MiB
efuse_read:0x00000006
8 MiB
sd detect gpio mode:84!
mmc_sd: 0
In:    serial
Out:   serial
Err:   serial
Net:   led init.
red led init:1.
No ethernet found.
MMC: detect card present
mmc/sd share pin!
send cmd 8 error, status = 2004
block rw command 8 is failed!
MMC: ak mmc mmc_send_if_cond Err!
** Bad device mmc 0 **
KERNEL: size:0x00180000, offset:0x00040000

SF: 1572864 bytes @ 0x40000 Read: OK
## Booting kernel from Legacy Image at 80008000 ...
   Image Name:   Linux-4.4.192V2.1
   Image Type:   ARM Linux Kernel Image (uncompressed)
   Data Size:    1570664 Bytes = 1.5 MiB
   Load Address: 80008000
   Entry Point:  80008040
   Verifying Checksum ... OK
   XIP Kernel Image ... OK
   kernel loaded at 0x80008000, end = 0x80187768
using: FDT

Starting kernel ...

Uncompressing Linux... done, booting the kernel.
Booting Linux on physical CPU 0x0
Linux version 4.4.192V2.1 (hutong@ubuntu) (gcc version 4.9.4 (Buildroot 2018.02.7_V1.0.03-g9ff3371) ) #1 Wed Apr 27 10:24:15 CST 2022
CPU: ARM926EJ-S [41069265] revision 5 (ARMv5TEJ), cr=0005317f
CPU: VIVT data cache, VIVT instruction cache
Machine model: ak3918ev330 dev board
Memory policy: Data cache writeback
ANYKA CPU AK39XXEV330 (ID 0x20160101)
Built 1 zonelists in Zone order, mobility grouping on.  Total pages: 16256
Kernel command line: console=ttySAK0,115200n8 root=/dev/mtdblock5 rootfstype=squashfs init=/sbin/init mtdparts=spi0.0:200K@0x0(UBOOT),4K@0x32000(ENV),4K@0x33000(ENVBK),48K@0x34000(DTB),1536K@0x40000(KERNEL),1024K@0x1C0000(ROOTFS),256K@0x2C0000(CONFIG),5120K@0x300000(APP) mem=64M memsize=64M
PID hash table entries: 256 (order: -2, 1024 bytes)
Dentry cache hash table entries: 8192 (order: 3, 32768 bytes)
Inode-cache hash table entries: 4096 (order: 2, 16384 bytes)
Memory: 35588K/65536K available (3078K kernel code, 116K rwdata, 980K rodata, 132K init, 188K bss, 29948K reserved, 0K cma-reserved)
Virtual kernel memory layout:
    vector  : 0xffff0000 - 0xffff1000   (   4 kB)
    fixmap  : 0xffc00000 - 0xfff00000   (3072 kB)
    vmalloc : 0xc4800000 - 0xff800000   ( 944 MB)
    lowmem  : 0xc0000000 - 0xc4000000   (  64 MB)
    modules : 0xbf000000 - 0xc0000000   (  16 MB)
      .text : 0xc0008000 - 0xc03fed44   (4060 kB)
      .init : 0xc03ff000 - 0xc0420000   ( 132 kB)
      .data : 0xc0420000 - 0xc043d150   ( 117 kB)
       .bss : 0xc043d150 - 0xc046c2d8   ( 189 kB)
SLUB: HWalign=32, Order=0-3, MinObjects=0, CPUs=1, Nodes=1
NR_IRQS:126
ak39ev330_clk: CPU(JCLK): 708(Mhz) 
ak39ev330_clk: MEMDDR2(DPHY): 354(Mhz) 
ak39ev330_clk: VCLK: 320(Mhz)
ak-timer: ak_timer_init
clocksource: ak_cs_timer: mask: 0xffffffff max_cycles: 0xffffffff, max_idle_ns: 159271703898 ns
sched_clock: 32 bits at 12MHz, resolution 83ns, wraps every 178956970966ns
Calibrating delay loop... 351.43 BogoMIPS (lpj=1757184)
pid_max: default: 32768 minimum: 301
Mount-cache hash table entries: 1024 (order: 0, 4096 bytes)
Mountpoint-cache hash table entries: 1024 (order: 0, 4096 bytes)
CPU: Testing write buffer coherency: ok
Setting up static identity map for 0x80008400 - 0x8000843c
devtmpfs: initialized
clocksource: jiffies: mask: 0xffffffff max_cycles: 0xffffffff, max_idle_ns: 19112604462750000 ns
futex hash table entries: 256 (order: -1, 3072 bytes)
pinctrl core: initialized pinctrl subsystem
NET: Registered protocol family 16
DMA: preallocated 256 KiB pool for atomic coherent allocations
On-chip L2 memory initialized
ak-pinctrl 20170000.gpio: ak_pinctrl_probe 1958
ak_ev330_pinctrl: ak_pinctrl_probe irq: 15
media: Linux media interface: v0.10
Linux video capture interface: v2.00
clocksource: Switched to clocksource ak_cs_timer
NET: Registered protocol family 2
TCP established hash table entries: 1024 (order: 0, 4096 bytes)
TCP bind hash table entries: 1024 (order: 0, 4096 bytes)
TCP: Hash tables configured (established 1024 bind 1024)
UDP hash table entries: 256 (order: 0, 4096 bytes)
UDP-Lite hash table entries: 256 (order: 0, 4096 bytes)
NET: Registered protocol family 1
squashfs: version 4.0 (2009/01/31) Phillip Lougher
jffs2: version 2.2. Â 2001-2006 Red Hat, Inc.
jitterentropy: Initialization failed with host not compliant with requirements: 2
io scheduler noop registered (default)
AKxx uart driver init, (c) 2013 ANYKA
20130000.uart0: ttySAK0 at MMIO 0x20130000 (irq = 10, base_baud = 10000000) is a AK
console [ttySAK0] enabled
loop: module loaded
Start to init Anyka SPI Flash...
init Anyka SPI Nand Flash driver
spi0 new hz is 40000000, div is 2(change).
ak spiflash probe enter.
akspi flash ID: 0x00204017
ak-spiflash spi0.0: xm25qh64c (16384 Kbytes)
8 cmdlinepart partitions found on MTD device spi0.0
Creating 8 MTD partitions on "spi0.0":
0x000000000000-0x000000032000 : "UBOOT"
0x000000032000-0x000000033000 : "ENV"
0x000000033000-0x000000034000 : "ENVBK"
0x000000034000-0x000000040000 : "DTB"
0x000000040000-0x0000001c0000 : "KERNEL"
0x0000001c0000-0x0000002c0000 : "ROOTFS"
0x0000002c0000-0x000000300000 : "CONFIG"
0x000000300000-0x000000800000 : "APP"
Init AK SPI Flash finish.
akspi master SPI0 initialize success, use for PIO mode.
i2c /dev entries driver
ak_wdt_init: watchdog register...
NET: Registered protocol family 17
sctp: Hash tables configured (established 512 bind 1024)

VFS: Mounted root (squashfs filesystem) readonly on device 31:5.
devtmpfs: mounted
Freeing unused kernel memory: 132K


mount all file system...
**************************
    Love Linux ! ! ! 
**************************

/bin/mount -t squashfs /dev/mtdblock7 /usr
/bin/mount -t jffs2 /dev/mtdblock6 /etc/config
starting mdev...


anyka login: 
anyka login: install sc2336 mipi driver
sc2336_probe Apr 21 2023 16:46:59
id:cb3a
i2c i2c-0: sc2336 Probed success, subdev:c30aba14
ak_uio: register uio device successfully with irq: 2!
ak_motor_probe
ak_motor_probe
No TF-Card for F/W Update.
The Version Path "/mnt" Is Not Exist *.bin.
      Current FileName: 

No F/W in TF-Card for Update.
rm: can't remove '/etc/config/shadow': No such file or directory
dd: can't open '/mnt/_ak39_factory.ini': No such file or directory
dd: can't open '/mnt/_ht_ap_mode.conf': No such file or directory
dd: can't open '/mnt/_ht_av_tuning.conf': No such file or directory
dd: can't open '/mnt/ftp_config.ini': No such file or directory
wifi run sta mode
killall: wpa_supplicant: no process killed
killall: udhcpc: no process killed
killall: udhcpd: no process killed
killall: hostapd: no process killed
rmmod: can't unload module 'rtl8188ftv': No such file or directory
rmmod: can't unload module 'ak_hcd': No such file or directory
rmmod: can't unload module 'usbcore': No such file or directory
rmmod: can't unload module 'usb_common': No such file or directory
rmmod: can't unload module 'cfg80211': No such file or directory
15A 


U-Boot 2013.10.0-V3.1.28_bchV1.0.00 (Apr 12 2023 - 14:09:26)

DRAM:  64 MiB
efuse_read:0x00000006
8 MiB
sd detect gpio mode:84!
mmc_sd: 0
In:    serial
Out:   serial
Err:   serial
Net:   led init.
red led init:1.
No ethernet found.
MMC: detect card present
mmc/sd share pin!
send cmd 8 error, status = 2004
block rw command 8 is failed!
MMC: ak mmc mmc_send_if_cond Err!
** Bad device mmc 0 **
KERNEL: size:0x00180000, offset:0x00040000

SF: 1572864 bytes @ 0x40000 Read: OK
## Booting kernel from Legacy Image at 80008000 ...
   Image Name:   Linux-4.4.192V2.1
   Image Type:   ARM Linux Kernel Image (uncompressed)
   Data Size:    1570664 Bytes = 1.5 MiB
   Load Address: 80008000
   Entry Point:  80008040
   Verifying Checksum ... OK
   XIP Kernel Image ... OK
   kernel loaded at 0x80008000, end = 0x80187768
using: FDT

Starting kernel ...

Uncompressing Linux... done, booting the kernel.
Booting Linux on physical CPU 0x0
Linux version 4.4.192V2.1 (hutong@ubuntu) (gcc version 4.9.4 (Buildroot 2018.02.7_V1.0.03-g9ff3371) ) #1 Wed Apr 27 10:24:15 CST 2022
CPU: ARM926EJ-S [41069265] revision 5 (ARMv5TEJ), cr=0005317f
CPU: VIVT data cache, VIVT instruction cache
Machine model: ak3918ev330 dev board
Memory policy: Data cache writeback
ANYKA CPU AK39XXEV330 (ID 0x20160101)
Built 1 zonelists in Zone order, mobility grouping on.  Total pages: 16256
Kernel command line: console=ttySAK0,115200n8 root=/dev/mtdblock5 rootfstype=squashfs init=/sbin/init mtdparts=spi0.0:200K@0x0(UBOOT),4K@0x32000(ENV),4K@0x33000(ENVBK),48K@0x34000(DTB),1536K@0x40000(KERNEL),1024K@0x1C0000(ROOTFS),256K@0x2C0000(CONFIG),5120K@0x300000(APP) mem=64M memsize=64M
PID hash table entries: 256 (order: -2, 1024 bytes)
Dentry cache hash table entries: 8192 (order: 3, 32768 bytes)
Inode-cache hash table entries: 4096 (order: 2, 16384 bytes)
Memory: 35588K/65536K available (3078K kernel code, 116K rwdata, 980K rodata, 132K init, 188K bss, 29948K reserved, 0K cma-reserved)
Virtual kernel memory layout:
    vector  : 0xffff0000 - 0xffff1000   (   4 kB)
    fixmap  : 0xffc00000 - 0xfff00000   (3072 kB)
    vmalloc : 0xc4800000 - 0xff800000   ( 944 MB)
    lowmem  : 0xc0000000 - 0xc4000000   (  64 MB)
    modules : 0xbf000000 - 0xc0000000   (  16 MB)
      .text : 0xc0008000 - 0xc03fed44   (4060 kB)
      .init : 0xc03ff000 - 0xc0420000   ( 132 kB)
      .data : 0xc0420000 - 0xc043d150   ( 117 kB)
       .bss : 0xc043d150 - 0xc046c2d8   ( 189 kB)
SLUB: HWalign=32, Order=0-3, MinObjects=0, CPUs=1, Nodes=1
NR_IRQS:126
ak39ev330_clk: CPU(JCLK): 708(Mhz) 
ak39ev330_clk: MEMDDR2(DPHY): 354(Mhz) 
ak39ev330_clk: VCLK: 320(Mhz)
ak-timer: ak_timer_init
clocksource: ak_cs_timer: mask: 0xffffffff max_cycles: 0xffffffff, max_idle_ns: 159271703898 ns
sched_clock: 32 bits at 12MHz, resolution 83ns, wraps every 178956970966ns
Calibrating delay loop... 351.43 BogoMIPS (lpj=1757184)
pid_max: default: 32768 minimum: 301
Mount-cache hash table entries: 1024 (order: 0, 4096 bytes)
Mountpoint-cache hash table entries: 1024 (order: 0, 4096 bytes)
CPU: Testing write buffer coherency: ok
Setting up static identity map for 0x80008400 - 0x8000843c
devtmpfs: initialized
clocksource: jiffies: mask: 0xffffffff max_cycles: 0xffffffff, max_idle_ns: 19112604462750000 ns
futex hash table entries: 256 (order: -1, 3072 bytes)
pinctrl core: initialized pinctrl subsystem
NET: Registered protocol family 16
DMA: preallocated 256 KiB pool for atomic coherent allocations
On-chip L2 memory initialized
ak-pinctrl 20170000.gpio: ak_pinctrl_probe 1958
ak_ev330_pinctrl: ak_pinctrl_probe irq: 15
media: Linux media interface: v0.10
Linux video capture interface: v2.00
clocksource: Switched to clocksource ak_cs_timer
NET: Registered protocol family 2
TCP established hash table entries: 1024 (order: 0, 4096 bytes)
TCP bind hash table entries: 1024 (order: 0, 4096 bytes)
TCP: Hash tables configured (established 1024 bind 1024)
UDP hash table entries: 256 (order: 0, 4096 bytes)
UDP-Lite hash table entries: 256 (order: 0, 4096 bytes)
NET: Registered protocol family 1
squashfs: version 4.0 (2009/01/31) Phillip Lougher
jffs2: version 2.2. Â 2001-2006 Red Hat, Inc.
jitterentropy: Initialization failed with host not compliant with requirements: 2
io scheduler noop registered (default)
AKxx uart driver init, (c) 2013 ANYKA
20130000.uart0: ttySAK0 at MMIO 0x20130000 (irq = 10, base_baud = 10000000) is a AK
console [ttySAK0] enabled
loop: module loaded
Start to init Anyka SPI Flash...
init Anyka SPI Nand Flash driver
spi0 new hz is 40000000, div is 2(change).
ak spiflash probe enter.
akspi flash ID: 0x00204017
ak-spiflash spi0.0: xm25qh64c (16384 Kbytes)
8 cmdlinepart partitions found on MTD device spi0.0
Creating 8 MTD partitions on "spi0.0":
0x000000000000-0x000000032000 : "UBOOT"
0x000000032000-0x000000033000 : "ENV"
0x000000033000-0x000000034000 : "ENVBK"
0x000000034000-0x000000040000 : "DTB"
0x000000040000-0x0000001c0000 : "KERNEL"
0x0000001c0000-0x0000002c0000 : "ROOTFS"
0x0000002c0000-0x000000300000 : "CONFIG"
0x000000300000-0x000000800000 : "APP"
Init AK SPI Flash finish.
akspi master SPI0 initialize success, use for PIO mode.
i2c /dev entries driver
ak_wdt_init: watchdog register...
NET: Registered protocol family 17
sctp: Hash tables configured (established 512 bind 1024)

VFS: Mounted root (squashfs filesystem) readonly on device 31:5.
devtmpfs: mounted
Freeing unused kernel memory: 132K





mount all file system...
**************************
    Love Linux ! ! ! 
**************************
/bin/mount -t squashfs /dev/mtdblock7 /usr
/bin/mount -t jffs2 /dev/mtdblock6 /etc/config

starting mdev...


anyka login: 
anyka login: install sc2336 mipi driver
sc2336_probe Apr 21 2023 16:46:59
15A 


U-Boot 2013.10.0-V3.1.28_bchV1.0.00 (Apr 12 2023 - 14:09:26)

DRAM:  64 MiB
efuse_read:0x00000006
8 MiB
sd detect gpio mode:84!
mmc_sd: 0
In:    serial
Out:   serial
Err:   serial
Net:   led init.
red led init:1.
No ethernet found.
MMC: detect card present
mmc/sd share pin!
send cmd 8 error, status = 2004
block rw command 8 is failed!
MMC: ak mmc mmc_send_if_cond Err!
** Bad device mmc 0 **
KERNEL: size:0x00180000, offset:0x00040000

SF: 1572864 bytes @ 0x40000 Read: OK
## Booting kernel from Legacy Image at 80008000 ...
   Image Name:   Linux-4.4.192V2.1
   Image Type:   ARM Linux Kernel Image (uncompressed)
   Data Size:    1570664 Bytes = 1.5 MiB
   Load Address: 80008000
   Entry Point:  80008040
   Verifying Checksum ... OK
   XIP Kernel Image ... OK
   kernel loaded at 0x80008000, end = 0x80187768
using: FDT

Starting kernel ...

Uncompressing Linux... done, booting the kernel.
Booting Linux on physical CPU 0x0
Linux version 4.4.192V2.1 (hutong@ubuntu) (gcc version 4.9.4 (Buildroot 2018.02.7_V1.0.03-g9ff3371) ) #1 Wed Apr 27 10:24:15 CST 2022
CPU: ARM926EJ-S [41069265] revision 5 (ARMv5TEJ), cr=0005317f
CPU: VIVT data cache, VIVT instruction cache
Machine model: ak3918ev330 dev board
Memory policy: Data cache writeback
ANYKA CPU AK39XXEV330 (ID 0x20160101)
Built 1 zonelists in Zone order, mobility grouping on.  Total pages: 16256
Kernel command line: console=ttySAK0,115200n8 root=/dev/mtdblock5 rootfstype=squashfs init=/sbin/init mtdparts=spi0.0:200K@0x0(UBOOT),4K@0x32000(ENV),4K@0x33000(ENVBK),48K@0x34000(DTB),1536K@0x40000(KERNEL),1024K@0x1C0000(ROOTFS),256K@0x2C0000(CONFIG),5120K@0x300000(APP) mem=64M memsize=64M
PID hash table entries: 256 (order: -2, 1024 bytes)
Dentry cache hash table entries: 8192 (order: 3, 32768 bytes)
Inode-cache hash table entries: 4096 (order: 2, 16384 bytes)
Memory: 35588K/65536K available (3078K kernel code, 116K rwdata, 980K rodata, 132K init, 188K bss, 29948K reserved, 0K cma-reserved)
Virtual kernel memory layout:
    vector  : 0xffff0000 - 0xffff1000   (   4 kB)
    fixmap  : 0xffc00000 - 0xfff00000   (3072 kB)
    vmalloc : 0xc4800000 - 0xff800000   ( 944 MB)
    lowmem  : 0xc0000000 - 0xc4000000   (  64 MB)
    modules : 0xbf000000 - 0xc0000000   (  16 MB)
      .text : 0xc0008000 - 0xc03fed44   (4060 kB)
      .init : 0xc03ff000 - 0xc0420000   ( 132 kB)
      .data : 0xc0420000 - 0xc043d150   ( 117 kB)
       .bss : 0xc043d150 - 0xc046c2d8   ( 189 kB)
SLUB: HWalign=32, Order=0-3, MinObjects=0, CPUs=1, Nodes=1
NR_IRQS:126
ak39ev330_clk: CPU(JCLK): 708(Mhz) 
ak39ev330_clk: MEMDDR2(DPHY): 354(Mhz) 
ak39ev330_clk: VCLK: 320(Mhz)
ak-timer: ak_timer_init
clocksource: ak_cs_timer: mask: 0xffffffff max_cycles: 0xffffffff, max_idle_ns: 159271703898 ns
sched_clock: 32 bits at 12MHz, resolution 83ns, wraps every 178956970966ns
Calibrating delay loop... 351.43 BogoMIPS (lpj=1757184)
pid_max: default: 32768 minimum: 301
Mount-cache hash table entries: 1024 (order: 0, 4096 bytes)
Mountpoint-cache hash table entries: 1024 (order: 0, 4096 bytes)
CPU: Testing write buffer coherency: ok
Setting up static identity map for 0x80008400 - 0x8000843c
devtmpfs: initialized
clocksource: jiffies: mask: 0xffffffff max_cycles: 0xffffffff, max_idle_ns: 19112604462750000 ns
futex hash table entries: 256 (order: -1, 3072 bytes)
pinctrl core: initialized pinctrl subsystem
NET: Registered protocol family 16
DMA: preallocated 256 KiB pool for atomic coherent allocations
On-chip L2 memory initialized
ak-pinctrl 20170000.gpio: ak_pinctrl_probe 1958
ak_ev330_pinctrl: ak_pinctrl_probe irq: 15
media: Linux media interface: v0.10
Linux video capture interface: v2.00
clocksource: Switched to clocksource ak_cs_timer
NET: Registered protocol family 2
TCP established hash table entries: 1024 (order: 0, 4096 bytes)
TCP bind hash table entries: 1024 (order: 0, 4096 bytes)
TCP: Hash tables configured (established 1024 bind 1024)
UDP hash table entries: 256 (order: 0, 4096 bytes)
UDP-Lite hash table entries: 256 (order: 0, 4096 bytes)
NET: Registered protocol family 1
squashfs: version 4.0 (2009/01/31) Phillip Lougher
jffs2: version 2.2. Â 2001-2006 Red Hat, Inc.
jitterentropy: Initialization failed with host not compliant with requirements: 2
io scheduler noop registered (default)
AKxx uart driver init, (c) 2013 ANYKA
20130000.uart0: ttySAK0 at MMIO 0x20130000 (irq = 10, base_baud = 10000000) is a AK
console [ttySAK0] enabled
loop: module loaded
Start to init Anyka SPI Flash...
init Anyka SPI Nand Flash driver
spi0 new hz is 40000000, div is 2(change).
ak spiflash probe enter.
akspi flash ID: 0x00204017
ak-spiflash spi0.0: xm25qh64c (16384 Kbytes)
8 cmdlinepart partitions found on MTD device spi0.0
Creating 8 MTD partitions on "spi0.0":
0x000000000000-0x000000032000 : "UBOOT"
0x000000032000-0x000000033000 : "ENV"
0x000000033000-0x000000034000 : "ENVBK"
0x000000034000-0x000000040000 : "DTB"
0x000000040000-0x0000001c0000 : "KERNEL"
0x0000001c0000-0x0000002c0000 : "ROOTFS"
0x0000002c0000-0x000000300000 : "CONFIG"
0x000000300000-0x000000800000 : "APP"
Init AK SPI Flash finish.
akspi master SPI0 initialize success, use for PIO mode.
i2c /dev entries driver
ak_wdt_init: watchdog register...
NET: Registered protocol family 17
sctp: Hash tables configured (established 512 bind 1024)

VFS: Mounted root (squashfs filesystem) readonly on device 31:5.
devtmpfs: mounted
Freeing unused kernel memory: 132K
15A 


U-Boot 2013.10.0-V3.1.28_bchV1.0.00 (Apr 12 2023 - 14:09:26)

DRAM:  64 MiB
efuse_read:0x00000006
8 MiB
sd detect gpio mode:84!
mmc_sd: 0
In:    serial
Out:   serial
Err:   serial
Net:   led init.
red led init:1.
No ethernet found.
MMC: detect card present
mmc/sd share pin!
send cmd 8 error, status = 2004
block rw command 8 is failed!
MMC: ak mmc mmc_send_if_cond Err!
** Bad device mmc 0 **
KERNEL: size:0x00180000, offset:0x00040000

SF: 1572864 bytes @ 0x40000 Read: OK
## Booting kernel from Legacy Image at 80008000 ...
   Image Name:   Linux-4.4.192V2.1
   Image Type:   ARM Linux Kernel Image (uncompressed)
   Data Size:    1570664 Bytes = 1.5 MiB
   Load Address: 80008000
   Entry Point:  80008040
   Verifying Checksum ... OK
   XIP Kernel Image ... OK
   kernel loaded at 0x80008000, end = 0x80187768
using: FDT

Starting kernel ...

Uncompressing Linux... done, booting the kernel.
Booting Linux on physical CPU 0x0
Linux version 4.4.192V2.1 (hutong@ubuntu) (gcc version 4.9.4 (Buildroot 2018.02.7_V1.0.03-g9ff3371) ) #1 Wed Apr 27 10:24:15 CST 2022
CPU: ARM926EJ-S [41069265] revision 5 (ARMv5TEJ), cr=0005317f
CPU: VIVT data cache, VIVT instruction cache
Machine model: ak3918ev330 dev board
Memory policy: Data cache writeback
ANYKA CPU AK39XXEV330 (ID 0x20160101)
Built 1 zonelists in Zone order, mobility grouping on.  Total pages: 16256
Kernel command line: console=ttySAK0,115200n8 root=/dev/mtdblock5 rootfstype=squashfs init=/sbin/init mtdparts=spi0.0:200K@0x0(UBOOT),4K@0x32000(ENV),4K@0x33000(ENVBK),48K@0x34000(DTB),1536K@0x40000(KERNEL),1024K@0x1C0000(ROOTFS),256K@0x2C0000(CONFIG),5120K@0x300000(APP) mem=64M memsize=64M
PID hash table entries: 256 (order: -2, 1024 bytes)
Dentry cache hash table entries: 8192 (order: 3, 32768 bytes)
Inode-cache hash table entries: 4096 (order: 2, 16384 bytes)
Memory: 35588K/65536K available (3078K kernel code, 116K rwdata, 980K rodata, 132K init, 188K bss, 29948K reserved, 0K cma-reserved)
Virtual kernel memory layout:
    vector  : 0xffff0000 - 0xffff1000   (   4 kB)
    fixmap  : 0xffc00000 - 0xfff00000   (3072 kB)
    vmalloc : 0xc4800000 - 0xff800000   ( 944 MB)
    lowmem  : 0xc0000000 - 0xc4000000   (  64 MB)
    modules : 0xbf000000 - 0xc0000000   (  16 MB)
      .text : 0xc0008000 - 0xc03fed44   (4060 kB)
      .init : 0xc03ff000 - 0xc0420000   ( 132 kB)
      .data : 0xc0420000 - 0xc043d150   ( 117 kB)
       .bss : 0xc043d150 - 0xc046c2d8   ( 189 kB)
SLUB: HWalign=32, Order=0-3, MinObjects=0, CPUs=1, Nodes=1
NR_IRQS:126
ak39ev330_clk: CPU(JCLK): 708(Mhz) 
ak39ev330_clk: MEMDDR2(DPHY): 354(Mhz) 
ak39ev330_clk: VCLK: 320(Mhz)
ak-timer: ak_timer_init
clocksource: ak_cs_timer: mask: 0xffffffff max_cycles: 0xffffffff, max_idle_ns: 159271703898 ns
sched_clock: 32 bits at 12MHz, resolution 83ns, wraps every 178956970966ns
Calibrating delay loop... 351.43 BogoMIPS (lpj=1757184)
pid_max: default: 32768 minimum: 301
Mount-cache hash table entries: 1024 (order: 0, 4096 bytes)
Mountpoint-cache hash table entries: 1024 (order: 0, 4096 bytes)
CPU: Testing write buffer coherency: ok
Setting up static identity map for 0x80008400 - 0x8000843c
devtmpfs: initialized
clocksource: jiffies: mask: 0xffffffff max_cycles: 0xffffffff, max_idle_ns: 19112604462750000 ns
futex hash table entries: 256 (order: -1, 3072 bytes)
pinctrl core: initialized pinctrl subsystem
NET: Registered protocol family 16
DMA: preallocated 256 KiB pool for atomic coherent allocations
On-chip L2 memory initialized
ak-pinctrl 20170000.gpio: ak_pinctrl_probe 1958
ak_ev330_pinctrl: ak_pinctrl_probe irq: 15
media: Linux media interface: v0.10
Linux video capture interface: v2.00
clocksource: Switched to clocksource ak_cs_timer
NET: Registered protocol family 2
TCP established hash table entries: 1024 (order: 0, 4096 bytes)
TCP bind hash table entries: 1024 (order: 0, 4096 bytes)
TCP: Hash tables configured (established 1024 bind 1024)
UDP hash table entries: 256 (order: 0, 4096 bytes)
UDP-Lite hash table entries: 256 (order: 0, 4096 bytes)
NET: Registered protocol family 1
squashfs: version 4.0 (2009/01/31) Phillip Lougher
jffs2: version 2.2. Â 2001-2006 Red Hat, Inc.
jitterentropy: Initialization failed with host not compliant with requirements: 2
io scheduler noop registered (default)
AKxx uart driver init, (c) 2013 ANYKA
20130000.uart0: ttySAK0 at MMIO 0x20130000 (irq = 10, base_baud = 10000000) is a AK
console [ttySAK0] enabled
loop: module loaded
Start to init Anyka SPI Flash...
init Anyka SPI Nand Flash driver
spi0 new hz is 40000000, div is 2(change).
ak spiflash probe enter.
akspi flash ID: 0x00204017
ak-spiflash spi0.0: xm25qh64c (16384 Kbytes)
8 cmdlinepart partitions found on MTD device spi0.0
Creating 8 MTD partitions on "spi0.0":
0x000000000000-0x000000032000 : "UBOOT"
0x000000032000-0x000000033000 : "ENV"
0x000000033000-0x000000034000 : "ENVBK"
0x000000034000-0x000000040000 : "DTB"
0x000000040000-0x0000001c0000 : "KERNEL"
0x0000001c0000-0x0000002c0000 : "ROOTFS"
0x0000002c0000-0x000000300000 : "CONFIG"
0x000000300000-0x000000800000 : "APP"
Init AK SPI Flash finish.
akspi master SPI0 initialize success, use for PIO mode.
i2c /dev entries driver
ak_wdt_init: watchdog register...
NET: Registered protocol family 17
sctp: Hash tables configured (established 512 bind 1024)

VFS: Mounted root (squashfs filesystem) readonly on device 31:5.
devtmpfs: mounted
Freeing unused kernel memory: 132K
mount all file system...
**************************
    Love Linux ! ! ! 
**************************
/bin/mount -t squashfs /dev/mtdblock7 /usr
/bin/mount -t jffs2 /dev/mtdblock6 /etc/config
starting mdev...

anyka login: install sc2336 mipi driver
15A 


U-Boot 2013.10.0-V3.1.28_bchV1.0.00 (Apr 12 2023 - 14:09:26)

DRAM:  64 MiB
efuse_read:0x00000006
8 MiB
sd detect gpio mode:84!
mmc_sd: 0
In:    serial
Out:   serial
Err:   serial
Net:   led init.
red led init:1.
No ethernet found.
MMC: detect card present
mmc/sd share pin!
send cmd 8 error, status = 2004
block rw command 8 is failed!
MMC: ak mmc mmc_send_if_cond Err!
** Bad device mmc 0 **
KERNEL: size:0x00180000, offset:0x00040000

SF: 1572864 bytes @ 0x40000 Read: OK
## Booting kernel from Legacy Image at 80008000 ...
   Image Name:   Linux-4.4.192V2.1
   Image Type:   ARM Linux Kernel Image (uncompressed)
   Data Size:    1570664 Bytes = 1.5 MiB
   Load Address: 80008000
   Entry Point:  80008040
   Verifying Checksum ... OK
   XIP Kernel Image ... OK
   kernel loaded at 0x80008000, end = 0x80187768
using: FDT

Starting kernel ...

Uncompressing Linux...15A 


U-Boot 2013.10.0-V3.1.28_bchV1.0.00 (Apr 12 2023 - 14:09:26)

DRAM:  64 MiB
efuse_read:0x00000006
8 MiB
sd detect gpio mode:84!
mmc_sd: 0
In:    serial
Out:   serial
Err:   serial
Net:   led init.
red led init:1.
No ethernet found.
MMC: detect card present
mmc/sd share pin!
send cmd 8 error, status = 2004
block rw command 8 is failed!
MMC: ak mmc mmc_send_if_cond Err!
** Bad device mmc 0 **
KERNEL: size:0x00180000, offset:0x00040000

SF: 1572864 bytes @ 0x40000 Read: OK
## Booting kernel from Legacy Image at 80008000 ...
   Image Name:   Linux-4.4.192V2.1
   Image Type:   ARM Linux Kernel Image (uncompressed)
   Data Size:    1570664 Bytes = 1.5 MiB
   Load Address: 80008000
   Entry Point:  80008040
   Verifying Checksum ... OK
   XIP Kernel Image ... OK
   kernel loaded at 0x80008000, end = 0x80187768
using: FDT

Starting kernel ...

Uncompressing Linux... done, booting the kernel.
Booting Linux on physical CPU 0x0
Linux version 4.4.192V2.1 (hutong@ubuntu) (gcc version 4.9.4 (Buildroot 2018.02.7_V1.0.03-g9ff3371) ) #1 Wed Apr 27 10:24:15 CST 2022
CPU: ARM926EJ-S [41069265] revision 5 (ARMv5TEJ), cr=0005317f
CPU: VIVT data cache, VIVT instruction cache
Machine model: ak3918ev330 dev board
Memory policy: Data cache writeback
ANYKA CPU AK39XXEV330 (ID 0x20160101)
Built 1 zonelists in Zone order, mobility grouping on.  Total pages: 16256
Kernel command line: console=ttySAK0,115200n8 root=/dev/mtdblock5 rootfstype=squashfs init=/sbin/init mtdparts=spi0.0:200K@0x0(UBOOT),4K@0x32000(ENV),4K@0x33000(ENVBK),48K@0x34000(DTB),1536K@0x40000(KERNEL),1024K@0x1C0000(ROOTFS),256K@0x2C0000(CONFIG),5120K@0x300000(APP) mem=64M memsize=64M
PID hash table entries: 256 (order: -2, 1024 bytes)
Dentry cache hash table entries: 8192 (order: 3, 32768 bytes)
Inode-cache hash table entries: 4096 (order: 2, 16384 bytes)
Memory: 35588K/65536K available (3078K kernel code, 116K rwdata, 980K rodata, 132K init, 188K bss, 29948K reserved, 0K cma-reserved)
Virtual kernel memory layout:
    vector  : 0xffff0000 - 0xffff1000   (   4 kB)
    fixmap  : 0xffc00000 - 0xfff00000   (3072 kB)
    vmalloc : 0xc4800000 - 0xff800000   ( 944 MB)
    lowmem  : 0xc0000000 - 0xc4000000   (  64 MB)
    modules : 0xbf000000 - 0xc0000000   (  16 MB)
      .text : 0xc0008000 - 0xc03fed44   (4060 kB)
      .init : 0xc03ff000 - 0xc0420000   ( 132 kB)
      .data : 0xc0420000 - 0xc043d150   ( 117 kB)
       .bss : 0xc043d150 - 0xc046c2d8   ( 189 kB)
SLUB: HWalign=32, Order=0-3, MinObjects=0, CPUs=1, Nodes=1
NR_IRQS:126
ak39ev330_clk: CPU(JCLK): 708(Mhz) 
ak39ev330_clk: MEMDDR2(DPHY): 354(Mhz) 
ak39ev330_clk: VCLK: 320(Mhz)
ak-timer: ak_timer_init
clocksource: ak_cs_timer: mask: 0xffffffff max_cycles: 0xffffffff, max_idle_ns: 159271703898 ns
sched_clock: 32 bits at 12MHz, resolution 83ns, wraps every 178956970966ns
Calibrating delay loop... 351.43 BogoMIPS (lpj=1757184)
pid_max: default: 32768 minimum: 301
Mount-cache hash table entries: 1024 (order: 0, 4096 bytes)
Mountpoint-cache hash table entries: 1024 (order: 0, 4096 bytes)
CPU: Testing write buffer coherency: ok
Setting up static identity map for 0x80008400 - 0x8000843c
devtmpfs: initialized
clocksource: jiffies: mask: 0xffffffff max_cycles: 0xffffffff, max_idle_ns: 19112604462750000 ns
futex hash table entries: 256 (order: -1, 3072 bytes)
pinctrl core: initialized pinctrl subsystem
NET: Registered protocol family 16
DMA: preallocated 256 KiB pool for atomic coherent allocations
On-chip L2 memory initialized
ak-pinctrl 20170000.gpio: ak_pinctrl_probe 1958
ak_ev330_pinctrl: ak_pinctrl_probe irq: 15
media: Linux media interface: v0.10
Linux video capture interface: v2.00
clocksource: Switched to clocksource ak_cs_timer
NET: Registered protocol family 2
TCP established hash table entries: 1024 (order: 0, 4096 bytes)
TCP bind hash table entries: 1024 (order: 0, 4096 bytes)
TCP: Hash tables configured (established 1024 bind 1024)
UDP hash table entries: 256 (order: 0, 4096 bytes)
UDP-Lite hash table entries: 256 (order: 0, 4096 bytes)
NET: Registered protocol family 1
squashfs: version 4.0 (2009/01/31) Phillip Lougher
jffs2: version 2.2. Â 2001-2006 Red Hat, Inc.
jitterentropy: Initialization failed with host not compliant with requirements: 2
io scheduler noop registered (default)
AKxx uart driver init, (c) 2013 ANYKA
20130000.uart0: ttySAK0 at MMIO 0x20130000 (irq = 10, base_baud = 10000000) is a AK
console [ttySAK0] enabled
loop: module loaded
Start to init Anyka SPI Flash...
init Anyka SPI Nand Flash driver
spi0 new hz is 40000000, div is 2(change).
ak spiflash probe enter.
akspi flash ID: 0x00204017
ak-spiflash spi0.0: xm25qh64c (16384 Kbytes)
8 cmdlinepart partitions found on MTD device spi0.0
Creating 8 MTD partitions on "spi0.0":
0x000000000000-0x000000032000 : "UBOOT"
0x000000032000-0x000000033000 : "ENV"
0x000000033000-0x000000034000 : "ENVBK"
0x000000034000-0x000000040000 : "DTB"
0x000000040000-0x0000001c0000 : "KERNEL"
0x0000001c0000-0x0000002c0000 : "ROOTFS"
0x0000002c0000-0x000000300000 : "CONFIG"
0x000000300000-0x000000800000 : "APP"
Init AK SPI Flash finish.
akspi master SPI0 initialize success, use for PIO mode.
i2c /dev entries driver
ak_wdt_init: watchdog register...
NET: Registered protocol family 17
sctp: Hash tables configured (established 512 bind 1024)

VFS: Mounted root (squashfs filesystem) readonly on device 31:5.
devtmpfs: mounted
Freeing unused kernel memory: 132K
^[^[^[^[mount all file system...
**************************
    Love Linux ! ! ! 
**************************
/bin/mount -t squashfs /dev/mtdblock7 /usr
/bin/mount -t jffs2 /dev/mtdblock6 /etc/config
starting mdev...
^[^[
anyka login: install sc2336 mipi driver
sc2336_probe Apr 21 2023 16:46:59
id:cb3a
i2c i2c-0: sc2336 Probed success, subdev:c30e5214
ak_uio: register uio device successfully with irq: 2!
ak_motor_probe
ak_motor_probe
No TF-Card for F/W Update.
The Version Path "/mnt" Is Not Exist *.bin.
      Current FileName: 

No F/W in TF-Card for Update.
rm: can't remove '/etc/config/shadow': No such file or directory
dd: can't open '/mnt/_ak39_factory.ini': No such file or directory
dd: can't open '/mnt/_ht_ap_mode.conf': No such file or directory
dd: can't open '/mnt/_ht_av_tuning.conf': No such file or directory
dd: can't open '/mnt/ftp_config.ini': No such file or directory
wifi run sta mode
killall: wpa_supplicant: no process killed
killall: udhcpc: no process killed
killall: udhcpd: no process killed
killall: hostapd: no process killed
rmmod: can't unload module 'rtl8188ftv': No such file or directory
rmmod: can't unload module 'ak_hcd': No such file or directory
rmmod: can't unload module 'usbcore': No such file or directory
rmmod: can't unload module 'usb_common': No such file or directory
rmmod: can't unload module 'cfg80211': No such file or directory
15A 


U-Boot 2013.10.0-V3.1.28_bchV1.0.00 (Apr 12 2023 - 14:09:26)

DRAM:  64 MiB
efuse_read:0x00000006
8 MiB
sd detect gpio mode:84!
mmc_sd: 0
In:    serial
Out:   serial
Err:   serial
Net:   led init.
red led init:1.
No ethernet found.
MMC: detect card present
mmc/sd share pin!
send cmd 8 error, status = 2004
block rw command 8 is failed!
MMC: ak mmc mmc_send_if_cond Err!
** Bad device mmc 0 **
KERNEL: size:0x00180000, offset:0x00040000

SF: 1572864 bytes @ 0x40000 Read: OK
## Booting kernel from Legacy Image at 80008000 ...
   Image Name:   Linux-4.4.192V2.1
   Image Type:   ARM Linux Kernel Image (uncompressed)
   Data Size:    1570664 Bytes = 1.5 MiB
   Load Address: 80008000
   Entry Point:  80008040
   Verifying Checksum ... OK
   XIP Kernel Image ... OK
   kernel loaded at 0x80008000, end = 0x80187768
using: FDT

Starting kernel ...

Uncompressing Linux... done, booting the kernel.
Booting Linux on physical CPU 0x0
Linux version 4.4.192V2.1 (hutong@ubuntu) (gcc version 4.9.4 (Buildroot 2018.02.7_V1.0.03-g9ff3371) ) #1 Wed Apr 27 10:24:15 CST 2022
CPU: ARM926EJ-S [41069265] revision 5 (ARMv5TEJ), cr=0005317f
CPU: VIVT data cache, VIVT instruction cache
Machine model: ak3918ev330 dev board
Memory policy: Data cache writeback
ANYKA CPU AK39XXEV330 (ID 0x20160101)
Built 1 zonelists in Zone order, mobility grouping on.  Total pages: 16256
Kernel command line: console=ttySAK0,115200n8 root=/dev/mtdblock5 rootfstype=squashfs init=/sbin/init mtdparts=spi0.0:200K@0x0(UBOOT),4K@0x32000(ENV),4K@0x33000(ENVBK),48K@0x34000(DTB),1536K@0x40000(KERNEL),1024K@0x1C0000(ROOTFS),256K@0x2C0000(CONFIG),5120K@0x300000(APP) mem=64M memsize=64M
PID hash table entries: 256 (order: -2, 1024 bytes)
Dentry cache hash table entries: 8192 (order: 3, 32768 bytes)
Inode-cache hash table entries: 4096 (order: 2, 16384 bytes)
Memory: 35588K/65536K available (3078K kernel code, 116K rwdata, 980K rodata, 132K init, 188K bss, 29948K reserved, 0K cma-reserved)
Virtual kernel memory layout:
    vector  : 0xffff0000 - 0xffff1000   (   4 kB)
    fixmap  : 0xffc00000 - 0xfff00000   (3072 kB)
    vmalloc : 0xc4800000 - 0xff800000   ( 944 MB)
    lowmem  : 0xc0000000 - 0xc4000000   (  64 MB)
    modules : 0xbf000000 - 0xc0000000   (  16 MB)
      .text : 0xc0008000 - 0xc03fed44   (4060 kB)
      .init : 0xc03ff000 - 0xc0420000   ( 132 kB)
      .data : 0xc0420000 - 0xc043d150   ( 117 kB)
       .bss : 0xc043d150 - 0xc046c2d8   ( 189 kB)
SLUB: HWalign=32, Order=0-3, MinObjects=0, CPUs=1, Nodes=1
NR_IRQS:126
ak39ev330_clk: CPU(JCLK): 708(Mhz) 
ak39ev330_clk: MEMDDR2(DPHY): 354(Mhz) 
ak39ev330_clk: VCLK: 320(Mhz)
ak-timer: ak_timer_init
clocksource: ak_cs_timer: mask: 0xffffffff max_cycles: 0xffffffff, max_idle_ns: 159271703898 ns
sched_clock: 32 bits at 12MHz, resolution 83ns, wraps every 178956970966ns
Calibrating delay loop... 351.43 BogoMIPS (lpj=1757184)
pid_max: default: 32768 minimum: 301
Mount-cache hash table entries: 1024 (order: 0, 4096 bytes)
Mountpoint-cache hash table entries: 1024 (order: 0, 4096 bytes)
CPU: Testing write buffer coherency: ok
Setting up static identity map for 0x80008400 - 0x8000843c
devtmpfs: initialized
clocksource: jiffies: mask: 0xffffffff max_cycles: 0xffffffff, max_idle_ns: 19112604462750000 ns
futex hash table entries: 256 (order: -1, 3072 bytes)
pinctrl core: initialized pinctrl subsystem
NET: Registered protocol family 16
DMA: preallocated 256 KiB pool for atomic coherent allocations
On-chip L2 memory initialized
ak-pinctrl 20170000.gpio: ak_pinctrl_probe 1958
ak_ev330_pinctrl: ak_pinctrl_probe irq: 15
media: Linux media interface: v0.10
Linux video capture interface: v2.00
clocksource: Switched to clocksource ak_cs_timer
NET: Registered protocol family 2
TCP established hash table entries: 1024 (order: 0, 4096 bytes)
TCP bind hash table entries: 1024 (order: 0, 4096 bytes)
TCP: Hash tables configured (established 1024 bind 1024)
UDP hash table entries: 256 (order: 0, 4096 bytes)
UDP-Lite hash table entries: 256 (order: 0, 4096 bytes)
NET: Registered protocol family 1
squashfs: version 4.0 (2009/01/31) Phillip Lougher
jffs2: version 2.2. Â 2001-2006 Red Hat, Inc.
jitterentropy: Initialization failed with host not compliant with requirements: 2
io scheduler noop registered (default)
AKxx uart driver init, (c) 2013 ANYKA
20130000.uart0: ttySAK0 at MMIO 0x20130000 (irq = 10, base_baud = 10000000) is a AK
console [ttySAK0] enabled
loop: module loaded
Start to init Anyka SPI Flash...
init Anyka SPI Nand Flash driver
spi0 new hz is 40000000, div is 2(change).
ak spiflash probe enter.
akspi flash ID: 0x00204017
ak-spiflash spi0.0: xm25qh64c (16384 Kbytes)
8 cmdlinepart partitions found on MTD device spi0.0
Creating 8 MTD partitions on "spi0.0":
0x000000000000-0x000000032000 : "UBOOT"
0x000000032000-0x000000033000 : "ENV"
0x000000033000-0x000000034000 : "ENVBK"
0x000000034000-0x000000040000 : "DTB"
0x000000040000-0x0000001c0000 : "KERNEL"
0x0000001c0000-0x0000002c0000 : "ROOTFS"
0x0000002c0000-0x000000300000 : "CONFIG"
0x000000300000-0x000000800000 : "APP"
Init AK SPI Flash finish.
akspi master SPI0 initialize success, use for PIO mode.
i2c /dev entries driver
ak_wdt_init: watchdog register...
NET: Registered protocol family 17
sctp: Hash tables configured (established 512 bind 1024)

VFS: Mounted root (squashfs filesystem) readonly on device 31:5.
devtmpfs: mounted
Freeing unused kernel memory: 132K
^C^Cmount all file system...
^C**************************
    Love Linux ! ! ! 
**************************
/bin/mount -t squashfs /dev/mtdblock7 /usr
/bin/mount -t jffs2 /dev/mtdblock6 /etc/config
starting mdev...
^C^C^C^C^C^C^Cinstall sc2336 mipi driver

anyka login: 
sc2336_probe Apr 21 2023 16:46:59
^Cid:cb3a
i2c i2c-0: sc2336 Probed success, subdev:c3abae14
^C^Cak_uio: register uio device successfully with irq: 2!
^Cak_motor_probe
ak_motor_probe
^C^C^C^C^C
anyka login: No TF-Card for F/W Update.
The Version Path "/mnt" Is Not Exist *.bin.
      Current FileName: 

No F/W in TF-Card for Update.

rm: can't remove '/etc/config/shadow': No such file or directory
dd: can't open '/mnt/_ak39_factory.ini': No such file or directory
dd: can't open '/mnt/_ht_ap_mode.conf': No such file or directory
dd: can't open '/mnt/_ht_av_tuning.conf': No such file or directory
dd: can't open '/mnt/ftp_config.ini': No such file or directory
wifi run sta mode
killall: wpa_supplicant: no process killed
killall: udhcpc: no process killed
killall: udhcpd: no process killed
killall: hostapd: no process killed
rmmod: can't unload module 'rtl8188ftv': No such file or directory
rmmod: can't unload module 'ak_hcd': No such file or directory
rmmod: can't unload module 'usbcore': No such file or directory
rmmod: can't unload module 'usb_common': No such file or directory
rmmod: can't unload module 'cfg80211': No such file or directory
^C
anyka login: 
^C^C
anyka login: 

anyka login: 
^C^C^C^C^C
anyka login: 
^C^C^CFixed MAC 78:22:88:B8:21:11
start service......
sh: can't open '/usr/sbin/onvif_start.sh': No such file or directory
^Cstart ipc service......
^C^C^C^C***************************************
*****A monitor daemon has running!*****
***************************************
********** Watch Dog Enabled! **********
watchdog timeout = 10(s)
enter monitor_thread
enter feed_watchdog threadinterval: 3(sec), fifo[/tmp/daemon_fifo].size=50
^C^C^Cecho 1 > /tmp/camera_start_times

anyka login: c
^C[      AI][2000-01-01 00:01:42 469] [ak_ai_open:838] ai version: libplat_ai V1.11.02
[      AI][2000-01-01 00:01:42 512] [ak_ai_set_frame_length:1157] set frame length is the same, length =512
^C[      AI][2000-01-01 00:01:42 584] [ak_ai_set_aslc_attr:2349] ak_ai_set_aslc_attr success
[      AI][2000-01-01 00:01:42 585] [ak_ai_set_gain:1273] set gain 3
adc get gain: 3
set DEV volume 2
[      AI][2000-01-01 00:01:42 589] [ak_ai_set_eq_attr:1909] eq_attr->enable = 0
[      AI][2000-01-01 00:01:42 590] [ak_ai_set_eq_attr:1930] ak_ai_set_vqe_attr success
[      AO][2000-01-01 00:01:42 592] [ak_ao_open:611] ao version: libplat_ao V1.11.02
[     VQE][2000-01-01 00:01:42 628] [ak_vqe_inner_open:2011] ak_vqe_inner_open entry...ai_vqe = (nil), ao_vqe = 0x60d494
[    ECHO][2000-01-01 00:01:42 639] ## --AudioFilter Version V1.15.13, Echo--
[    ECHO][2000-01-01 00:01:42 640] ## jitterBuf: 0x60d548
[    ECHO][2000-01-01 00:01:42 642] ## _SD_Echo_Open far_path (0x60e100)
[      AI][2000-01-01 00:01:42 660] [capture_pcm_thread:538] thread id: 532
[     VQE][2000-01-01 00:01:42 667] [ak_vqe_inner_open:2011] ak_vqe_inner_open entry...ai_vqe = 0x60d284, ao_vqe = (nil)
[    ECHO][2000-01-01 00:01:42 682] ## Echo: [    ECHO][2000-01-01 00:01:42 683] load far_Volume[    ECHO][2000-01-01 00:01:42 684] 
[    ECHO][2000-01-01 00:01:42 685] ## ASLC OPEN OK ena:1, lookAheadLen:48
[     VQE][2000-01-01 00:01:42 687] [get_nr_param:1336] nr not open
 [    ECHO][2000-01-01 00:01:42 715] ## --AudioFilter Version V1.15.13, Echo--
[    ECHO][2000-01-01 00:01:42 716] ## jitterBuf: 0x614d58
[    ECHO][2000-01-01 00:01:42 717] ## _SD_Echo_Open near_path (0x614c90)
[    ECHO][2000-01-01 00:01:42 749] ## Echo: [    ECHO][2000-01-01 00:01:42 749] load NR[    ECHO][2000-01-01^C[     VQE][2000-01-01 00:01:42 756] [set_ai_veq:1852] aec need to open
 [    ECHO][2000-01-01 00:01:42 757] ## Echo: [    ECHO][2000-01-01 00:01:42 758] unload VAD
[    ECHO][2000-01-01 00:01:42 800] ## Echo: [    ECHO][2000-01-01 00:01:42 802] load AEC[    ECHO][2000-01-01 00:01:42 803]  (enable)
osal_loopback_open success
[     VQE][2000-01-01 00:01:42 805] [loopback_start:1273] aec enable, osal_loopback_open ok
 [     VQE][2000-01-01 00:01:42 806] [loopback_start:1282] create capture pcm thread OK
[     VQE][2000-01-01 00:01:42 807] [loopback_thread:1159] thread id: 533
[     VQE][2000-01-01 00:êak_vqe_inner_open exit...
[     VQE][2000-01-01 00:01:42 829] [ak_vqe_inner_set_ai_jitterbuf_upperBound:3351] osal_vqe_get_dac entry...
[    ECHO][2000-01-01 00:01:42 831] ## Echo: [    ECHO][2000-01-01 00:01:42 833] set near_JitterBuf param[     VQE][2000-01-01 00:01:42 834] [ak_vqe_inner_open:2100] ak_vqe_inner_open exit...
[    ECHO][2000-01-01 00:01:42 835] 
[     VQE][2000-01-01 00:01:42 837] [ak_vqe_inner_set_ai_jitterbuf_upperBound:3372] exit...
[      AO][2000-01-01 00:01:42 843] [play_pcm_thread:283] thread id: 535
[    ECHO][2000-01-01[      AO][2000-01-01 00:01:42 907] [ak_ao_set_nr_attr:1363] leave...
[    ECHO][2000-01-01 00:01:42 908] ## Echo: [    ECHO][2000-01-01 00:01:42 909] set far_Volume param[    ECHO][2000-01-01 00:01:42 910] 
[    ECHO][2000-01-01 00:01:42 927] ## Echo: [    ECHO][2000-01-01 00:01:42 928] set AEC param[    ECHO][2000-01-01 00:01:42 929]  (enable)
[     VQE][2000-01-01 00:01:42 931] [loopback_start:1256] loopback start already
 [      AO][2000-01-01 00:01:42 966] [ak_ao_set_aslc_attr:1290] leave...
[      AO][2000-01-01 00:01:42 967] [ak_ao_set_gain:789] set gain 4
[    ECHO][2000-01-01 00:01:42 970] ## Echo: [    ECHO][2000-01-01 00:01:42 972] load far_EQ[    ECHO][2000-01-01 00:01:42 974] 
[      AO][2000-01-01 00:01:42 996] [ak_ao_set_eq_attr:1041] leave...
[     VQE][2000-01-01 00:01:42 997] [get_hs_param:1318] howling suppress not open
 [     VQE][2000-01-01 00:01:42 998] [ak_vqe_inner_get_ao_hs:3562] exit...
